Archive member included to satisfy reference by file (symbol)

/home/krzysztof/toolchains/gcc-arm-none-eabi-10.3-2021.10/bin/../lib/gcc/arm-none-eabi/10.3.1/../../../../arm-none-eabi/lib/thumb/v7e-m+fp/hard/libc_nano.a(lib_a-exit.o)
                              /home/krzysztof/toolchains/gcc-arm-none-eabi-10.3-2021.10/bin/../lib/gcc/arm-none-eabi/10.3.1/../../../../arm-none-eabi/lib/thumb/v7e-m+fp/hard/crt0.o (exit)
/home/krzysztof/toolchains/gcc-arm-none-eabi-10.3-2021.10/bin/../lib/gcc/arm-none-eabi/10.3.1/../../../../arm-none-eabi/lib/thumb/v7e-m+fp/hard/libc_nano.a(lib_a-impure.o)
                              /home/krzysztof/toolchains/gcc-arm-none-eabi-10.3-2021.10/bin/../lib/gcc/arm-none-eabi/10.3.1/../../../../arm-none-eabi/lib/thumb/v7e-m+fp/hard/libc_nano.a(lib_a-exit.o) (_global_impure_ptr)
/home/krzysztof/toolchains/gcc-arm-none-eabi-10.3-2021.10/bin/../lib/gcc/arm-none-eabi/10.3.1/../../../../arm-none-eabi/lib/thumb/v7e-m+fp/hard/libc_nano.a(lib_a-init.o)
                              /home/krzysztof/toolchains/gcc-arm-none-eabi-10.3-2021.10/bin/../lib/gcc/arm-none-eabi/10.3.1/../../../../arm-none-eabi/lib/thumb/v7e-m+fp/hard/crt0.o (__libc_init_array)
/home/krzysztof/toolchains/gcc-arm-none-eabi-10.3-2021.10/bin/../lib/gcc/arm-none-eabi/10.3.1/../../../../arm-none-eabi/lib/thumb/v7e-m+fp/hard/libc_nano.a(lib_a-memset.o)
                              /home/krzysztof/toolchains/gcc-arm-none-eabi-10.3-2021.10/bin/../lib/gcc/arm-none-eabi/10.3.1/../../../../arm-none-eabi/lib/thumb/v7e-m+fp/hard/crt0.o (memset)
/home/krzysztof/toolchains/gcc-arm-none-eabi-10.3-2021.10/bin/../lib/gcc/arm-none-eabi/10.3.1/../../../../arm-none-eabi/lib/thumb/v7e-m+fp/hard/libg_nano.a(lib_a-errno.o)
                              CMakeFiles/freeRTOSTest.dir/Core/Src/sysmem.c.obj (__errno)
/home/krzysztof/toolchains/gcc-arm-none-eabi-10.3-2021.10/bin/../lib/gcc/arm-none-eabi/10.3.1/../../../../arm-none-eabi/lib/thumb/v7e-m+fp/hard/libg_nano.a(lib_a-memcpy-stub.o)
                              CMakeFiles/freeRTOSTest.dir/Middlewares/Third_Party/FreeRTOS/Source/queue.c.obj (memcpy)
/home/krzysztof/toolchains/gcc-arm-none-eabi-10.3-2021.10/bin/../lib/gcc/arm-none-eabi/10.3.1/../../../../arm-none-eabi/lib/thumb/v7e-m+fp/hard/libg_nano.a(lib_a-sprintf.o)
                              CMakeFiles/freeRTOSTest.dir/Core/Src/main.c.obj (sprintf)
/home/krzysztof/toolchains/gcc-arm-none-eabi-10.3-2021.10/bin/../lib/gcc/arm-none-eabi/10.3.1/../../../../arm-none-eabi/lib/thumb/v7e-m+fp/hard/libg_nano.a(lib_a-nano-svfprintf.o)
                              /home/krzysztof/toolchains/gcc-arm-none-eabi-10.3-2021.10/bin/../lib/gcc/arm-none-eabi/10.3.1/../../../../arm-none-eabi/lib/thumb/v7e-m+fp/hard/libg_nano.a(lib_a-sprintf.o) (_svfprintf_r)
/home/krzysztof/toolchains/gcc-arm-none-eabi-10.3-2021.10/bin/../lib/gcc/arm-none-eabi/10.3.1/../../../../arm-none-eabi/lib/thumb/v7e-m+fp/hard/libg_nano.a(lib_a-nano-vfprintf_i.o)
                              /home/krzysztof/toolchains/gcc-arm-none-eabi-10.3-2021.10/bin/../lib/gcc/arm-none-eabi/10.3.1/../../../../arm-none-eabi/lib/thumb/v7e-m+fp/hard/libg_nano.a(lib_a-nano-svfprintf.o) (_printf_i)
/home/krzysztof/toolchains/gcc-arm-none-eabi-10.3-2021.10/bin/../lib/gcc/arm-none-eabi/10.3.1/../../../../arm-none-eabi/lib/thumb/v7e-m+fp/hard/libg_nano.a(lib_a-memchr.o)
                              /home/krzysztof/toolchains/gcc-arm-none-eabi-10.3-2021.10/bin/../lib/gcc/arm-none-eabi/10.3.1/../../../../arm-none-eabi/lib/thumb/v7e-m+fp/hard/libg_nano.a(lib_a-nano-svfprintf.o) (memchr)
/home/krzysztof/toolchains/gcc-arm-none-eabi-10.3-2021.10/bin/../lib/gcc/arm-none-eabi/10.3.1/../../../../arm-none-eabi/lib/thumb/v7e-m+fp/hard/libg_nano.a(lib_a-memmove.o)
                              /home/krzysztof/toolchains/gcc-arm-none-eabi-10.3-2021.10/bin/../lib/gcc/arm-none-eabi/10.3.1/../../../../arm-none-eabi/lib/thumb/v7e-m+fp/hard/libg_nano.a(lib_a-nano-svfprintf.o) (memmove)
/home/krzysztof/toolchains/gcc-arm-none-eabi-10.3-2021.10/bin/../lib/gcc/arm-none-eabi/10.3.1/../../../../arm-none-eabi/lib/thumb/v7e-m+fp/hard/libg_nano.a(lib_a-nano-freer.o)
                              /home/krzysztof/toolchains/gcc-arm-none-eabi-10.3-2021.10/bin/../lib/gcc/arm-none-eabi/10.3.1/../../../../arm-none-eabi/lib/thumb/v7e-m+fp/hard/libg_nano.a(lib_a-nano-svfprintf.o) (_free_r)
/home/krzysztof/toolchains/gcc-arm-none-eabi-10.3-2021.10/bin/../lib/gcc/arm-none-eabi/10.3.1/../../../../arm-none-eabi/lib/thumb/v7e-m+fp/hard/libg_nano.a(lib_a-nano-mallocr.o)
                              /home/krzysztof/toolchains/gcc-arm-none-eabi-10.3-2021.10/bin/../lib/gcc/arm-none-eabi/10.3.1/../../../../arm-none-eabi/lib/thumb/v7e-m+fp/hard/libg_nano.a(lib_a-nano-svfprintf.o) (_malloc_r)
/home/krzysztof/toolchains/gcc-arm-none-eabi-10.3-2021.10/bin/../lib/gcc/arm-none-eabi/10.3.1/../../../../arm-none-eabi/lib/thumb/v7e-m+fp/hard/libg_nano.a(lib_a-nano-reallocr.o)
[...]
Memory Configuration

Name             Origin             Length             Attributes
RAM              0x0000000020000000 0x0000000000010000 xrw
CCMRAM           0x0000000010000000 0x0000000000004000 xrw
FLASH            0x0000000008000000 0x0000000000080000 xr
*default*        0x0000000000000000 0xffffffffffffffff

Linker script and memory map

LOAD /home/krzysztof/toolchains/gcc-arm-none-eabi-10.3-2021.10/bin/../lib/gcc/arm-none-eabi/10.3.1/thumb/v7e-m+fp/hard/crti.o
LOAD /home/krzysztof/toolchains/gcc-arm-none-eabi-10.3-2021.10/bin/../lib/gcc/arm-none-eabi/10.3.1/thumb/v7e-m+fp/hard/crtbegin.o
LOAD /home/krzysztof/toolchains/gcc-arm-none-eabi-10.3-2021.10/bin/../lib/gcc/arm-none-eabi/10.3.1/../../../../arm-none-eabi/lib/thumb/v7e-m+fp/hard/crt0.o
START GROUP
LOAD /home/krzysztof/toolchains/gcc-arm-none-eabi-10.3-2021.10/bin/../lib/gcc/arm-none-eabi/10.3.1/../../../../arm-none-eabi/lib/thumb/v7e-m+fp/hard/libc_nano.a
LOAD /home/krzysztof/toolchains/gcc-arm-none-eabi-10.3-2021.10/bin/../lib/gcc/arm-none-eabi/10.3.1/../../../../arm-none-eabi/lib/thumb/v7e-m+fp/hard/libm.a
END GROUP
LOAD CMakeFiles/freeRTOSTest.dir/Core/Src/test_threads/main_thread.c.obj
LOAD CMakeFiles/freeRTOSTest.dir/Core/Src/test_threads/test1.c.obj
LOAD CMakeFiles/freeRTOSTest.dir/Core/Src/test_threads/test2.c.obj
LOAD CMakeFiles/freeRTOSTest.dir/Core/Src/test_threads/test3.c.obj
LOAD CMakeFiles/freeRTOSTest.dir/Core/Src/frame_controller.c.obj
LOAD CMakeFiles/freeRTOSTest.dir/Core/Src/main.c.obj
LOAD CMakeFiles/freeRTOSTest.dir/Core/Src/freertos.c.obj
LOAD CMakeFiles/freeRTOSTest.dir/Core/Src/stm32f3xx_it.c.obj
LOAD CMakeFiles/freeRTOSTest.dir/Core/Src/stm32f3xx_hal_msp.c.obj
LOAD CMakeFiles/freeRTOSTest.dir/Core/Src/stm32f3xx_hal_timebase_tim.c.obj
LOAD CMakeFiles/freeRTOSTest.dir/Drivers/STM32F3xx_HAL_Driver/Src/stm32f3xx_hal.c.obj
LOAD CMakeFiles/freeRTOSTest.dir/Drivers/STM32F3xx_HAL_Driver/Src/stm32f3xx_hal_rcc.c.obj
LOAD CMakeFiles/freeRTOSTest.dir/Drivers/STM32F3xx_HAL_Driver/Src/stm32f3xx_hal_rcc_ex.c.obj
LOAD CMakeFiles/freeRTOSTest.dir/Drivers/STM32F3xx_HAL_Driver/Src/stm32f3xx_hal_gpio.c.obj
LOAD CMakeFiles/freeRTOSTest.dir/Drivers/STM32F3xx_HAL_Driver/Src/stm32f3xx_hal_dma.c.obj
LOAD CMakeFiles/freeRTOSTest.dir/Drivers/STM32F3xx_HAL_Driver/Src/stm32f3xx_hal_cortex.c.obj
LOAD CMakeFiles/freeRTOSTest.dir/Drivers/STM32F3xx_HAL_Driver/Src/stm32f3xx_hal_pwr.c.obj
LOAD CMakeFiles/freeRTOSTest.dir/Drivers/STM32F3xx_HAL_Driver/Src/stm32f3xx_hal_pwr_ex.c.obj
LOAD CMakeFiles/freeRTOSTest.dir/Drivers/STM32F3xx_HAL_Driver/Src/stm32f3xx_hal_flash.c.obj
LOAD CMakeFiles/freeRTOSTest.dir/Drivers/STM32F3xx_HAL_Driver/Src/stm32f3xx_hal_flash_ex.c.obj
LOAD CMakeFiles/freeRTOSTest.dir/Drivers/STM32F3xx_HAL_Driver/Src/stm32f3xx_hal_i2c.c.obj
LOAD CMakeFiles/freeRTOSTest.dir/Drivers/STM32F3xx_HAL_Driver/Src/stm32f3xx_hal_i2c_ex.c.obj
LOAD CMakeFiles/freeRTOSTest.dir/Drivers/STM32F3xx_HAL_Driver/Src/stm32f3xx_hal_exti.c.obj
LOAD CMakeFiles/freeRTOSTest.dir/Drivers/STM32F3xx_HAL_Driver/Src/stm32f3xx_hal_tim.c.obj
LOAD CMakeFiles/freeRTOSTest.dir/Drivers/STM32F3xx_HAL_Driver/Src/stm32f3xx_hal_tim_ex.c.obj
LOAD CMakeFiles/freeRTOSTest.dir/Drivers/STM32F3xx_HAL_Driver/Src/stm32f3xx_hal_uart.c.obj
LOAD CMakeFiles/freeRTOSTest.dir/Drivers/STM32F3xx_HAL_Driver/Src/stm32f3xx_hal_uart_ex.c.obj
LOAD CMakeFiles/freeRTOSTest.dir/Core/Src/system_stm32f3xx.c.obj
LOAD CMakeFiles/freeRTOSTest.dir/Middlewares/Third_Party/FreeRTOS/Source/croutine.c.obj
LOAD CMakeFiles/freeRTOSTest.dir/Middlewares/Third_Party/FreeRTOS/Source/event_groups.c.obj
LOAD CMakeFiles/freeRTOSTest.dir/Middlewares/Third_Party/FreeRTOS/Source/list.c.obj
LOAD CMakeFiles/freeRTOSTest.dir/Middlewares/Third_Party/FreeRTOS/Source/queue.c.obj
LOAD CMakeFiles/freeRTOSTest.dir/Middlewares/Third_Party/FreeRTOS/Source/stream_buffer.c.obj
LOAD CMakeFiles/freeRTOSTest.dir/Middlewares/Third_Party/FreeRTOS/Source/tasks.c.obj
LOAD CMakeFiles/freeRTOSTest.dir/Middlewares/Third_Party/FreeRTOS/Source/timers.c.obj
LOAD CMakeFiles/freeRTOSTest.dir/Middlewares/Third_Party/FreeRTOS/Source/CMSIS_RTOS/cmsis_os.c.obj
LOAD CMakeFiles/freeRTOSTest.dir/Middlewares/Third_Party/FreeRTOS/Source/portable/MemMang/heap_4.c.obj
LOAD CMakeFiles/freeRTOSTest.dir/Middlewares/Third_Party/FreeRTOS/Source/portable/GCC/ARM_CM4F/port.c.obj
LOAD CMakeFiles/freeRTOSTest.dir/Core/Src/sysmem.c.obj
LOAD CMakeFiles/freeRTOSTest.dir/Core/Src/syscalls.c.obj
LOAD CMakeFiles/freeRTOSTest.dir/startup_stm32f303xe.s.obj
START GROUP
LOAD /home/krzysztof/toolchains/gcc-arm-none-eabi-10.3-2021.10/bin/../lib/gcc/arm-none-eabi/10.3.1/thumb/v7e-m+fp/hard/libgcc.a
LOAD /home/krzysztof/toolchains/gcc-arm-none-eabi-10.3-2021.10/bin/../lib/gcc/arm-none-eabi/10.3.1/../../../../arm-none-eabi/lib/thumb/v7e-m+fp/hard/libg_nano.a
LOAD /home/krzysztof/toolchains/gcc-arm-none-eabi-10.3-2021.10/bin/../lib/gcc/arm-none-eabi/10.3.1/../../../../arm-none-eabi/lib/thumb/v7e-m+fp/hard/libc_nano.a
END GROUP
START GROUP
LOAD /home/krzysztof/toolchains/gcc-arm-none-eabi-10.3-2021.10/bin/../lib/gcc/arm-none-eabi/10.3.1/thumb/v7e-m+fp/hard/libgcc.a
LOAD /home/krzysztof/toolchains/gcc-arm-none-eabi-10.3-2021.10/bin/../lib/gcc/arm-none-eabi/10.3.1/../../../../arm-none-eabi/lib/thumb/v7e-m+fp/hard/libc_nano.a
END GROUP
LOAD /home/krzysztof/toolchains/gcc-arm-none-eabi-10.3-2021.10/bin/../lib/gcc/arm-none-eabi/10.3.1/thumb/v7e-m+fp/hard/crtend.o
LOAD /home/krzysztof/toolchains/gcc-arm-none-eabi-10.3-2021.10/bin/../lib/gcc/arm-none-eabi/10.3.1/thumb/v7e-m+fp/hard/crtn.o
                0x0000000020010000                _estack = (ORIGIN (RAM) + LENGTH (RAM))
                0x0000000000000200                _Min_Heap_Size = 0x200
                0x0000000000000400                _Min_Stack_Size = 0x400

.isr_vector     0x0000000008000000      0x194
                0x0000000008000000                . = ALIGN (0x4)
 *(.isr_vector)
 .isr_vector    0x0000000008000000      0x194 CMakeFiles/freeRTOSTest.dir/startup_stm32f303xe.s.obj
                0x0000000008000000                g_pfnVectors
                0x0000000008000194                . = ALIGN (0x4)

.text           0x00000000080001a0     0x56a4
                0x00000000080001a0                . = ALIGN (0x4)
 *(.text)
 .text          0x00000000080001a0       0x40 /home/krzysztof/toolchains/gcc-arm-none-eabi-10.3-2021.10/bin/../lib/gcc/arm-none-eabi/10.3.1/thumb/v7e-m+fp/hard/crtbegin.o
 *(.text*)
 .text.__libc_init_array
                0x00000000080001e0       0x48 /home/krzysztof/toolchains/gcc-arm-none-eabi-10.3-2021.10/bin/../lib/gcc/arm-none-eabi/10.3.1/../../../../arm-none-eabi/lib/thumb/v7e-m+fp/hard/libc_nano.a(lib_a-init.o)
                0x00000000080001e0                __libc_init_array
 .text.memset   0x0000000008000228       0x10 /home/krzysztof/toolchains/gcc-arm-none-eabi-10.3-2021.10/bin/../lib/gcc/arm-none-eabi/10.3.1/../../../../arm-none-eabi/lib/thumb/v7e-m+fp/hard/libc_nano.a(lib_a-memset.o)
                0x0000000008000228                memset
 .text.resetValues
                0x0000000008000238       0xb8 CMakeFiles/freeRTOSTest.dir/Core/Src/test_threads/main_thread.c.obj
                0x0000000008000238                resetValues
 .text.mainTaskThread
                0x00000000080002f0      0x258 CMakeFiles/freeRTOSTest.dir/Core/Src/test_threads/main_thread.c.obj
                0x00000000080002f0                mainTaskThread
 .text.task1Thread
                0x0000000008000548       0x60 CMakeFiles/freeRTOSTest.dir/Core/Src/test_threads/test1.c.obj
                0x0000000008000548                task1Thread
 .text.crc16    0x00000000080005a8       0x50 CMakeFiles/freeRTOSTest.dir/Core/Src/frame_controller.c.obj
                0x00000000080005a8                crc16
 .text.DecodeCommandFrame
                0x00000000080005f8       0xb0 CMakeFiles/freeRTOSTest.dir/Core/Src/frame_controller.c.obj
                0x00000000080005f8                DecodeCommandFrame
 .text.CodeScoreFrame
                0x00000000080006a8       0xa4 CMakeFiles/freeRTOSTest.dir/Core/Src/frame_controller.c.obj
                0x00000000080006a8                CodeScoreFrame
 .text.main     0x000000000800074c       0x60 CMakeFiles/freeRTOSTest.dir/Core/Src/main.c.obj
                0x000000000800074c                main
 .text.SystemClock_Config
                0x00000000080007ac       0xc4 CMakeFiles/freeRTOSTest.dir/Core/Src/main.c.obj
                0x00000000080007ac                SystemClock_Config
 .text.MX_TIM2_Init
                0x0000000008000870       0x9c CMakeFiles/freeRTOSTest.dir/Core/Src/main.c.obj
 .text.MX_USART2_UART_Init
                0x000000000800090c       0x60 CMakeFiles/freeRTOSTest.dir/Core/Src/main.c.obj
 .text.MX_GPIO_Init
                0x000000000800096c       0xcc CMakeFiles/freeRTOSTest.dir/Core/Src/main.c.obj
 .text.HAL_TIM_PeriodElapsedCallback
                0x0000000008000a38       0x24 CMakeFiles/freeRTOSTest.dir/Core/Src/main.c.obj
                0x0000000008000a38                HAL_TIM_PeriodElapsedCallback
 .text.Error_Handler
                0x0000000008000a5c        0xa CMakeFiles/freeRTOSTest.dir/Core/Src/main.c.obj
                0x0000000008000a5c                Error_Handler
 *fill*         0x0000000008000a66        0x2 
 .text.vApplicationGetIdleTaskMemory
                0x0000000008000a68       0x34 CMakeFiles/freeRTOSTest.dir/Core/Src/freertos.c.obj
                0x0000000008000a68                vApplicationGetIdleTaskMemory
 .text.NMI_Handler
                0x0000000008000a9c        0x6 CMakeFiles/freeRTOSTest.dir/Core/Src/stm32f3xx_it.c.obj
                0x0000000008000a9c                NMI_Handler
 .text.HardFault_Handler
                0x0000000008000aa2        0x6 CMakeFiles/freeRTOSTest.dir/Core/Src/stm32f3xx_it.c.obj
                0x0000000008000aa2                HardFault_Handler
 .text.MemManage_Handler
                0x0000000008000aa8        0x6 CMakeFiles/freeRTOSTest.dir/Core/Src/stm32f3xx_it.c.obj
                0x0000000008000aa8                MemManage_Handler
 .text.BusFault_Handler
                0x0000000008000aae        0x6 CMakeFiles/freeRTOSTest.dir/Core/Src/stm32f3xx_it.c.obj
                0x0000000008000aae                BusFault_Handler
 .text.UsageFault_Handler
                0x0000000008000ab4        0x6 CMakeFiles/freeRTOSTest.dir/Core/Src/stm32f3xx_it.c.obj
                0x0000000008000ab4                UsageFault_Handler
 .text.DebugMon_Handler
                0x0000000008000aba        0xe CMakeFiles/freeRTOSTest.dir/Core/Src/stm32f3xx_it.c.obj
                0x0000000008000aba                DebugMon_Handler
 .text.TIM1_UP_TIM16_IRQHandler
                0x0000000008000ac8       0x14 CMakeFiles/freeRTOSTest.dir/Core/Src/stm32f3xx_it.c.obj
                0x0000000008000ac8                TIM1_UP_TIM16_IRQHandler
 .text.HAL_MspInit
                0x0000000008000adc       0x50 CMakeFiles/freeRTOSTest.dir/Core/Src/stm32f3xx_hal_msp.c.obj
                0x0000000008000adc                HAL_MspInit
 .text.HAL_TIM_Base_MspInit
                0x0000000008000b2c       0x3c CMakeFiles/freeRTOSTest.dir/Core/Src/stm32f3xx_hal_msp.c.obj
                0x0000000008000b2c                HAL_TIM_Base_MspInit
 .text.HAL_UART_MspInit
                0x0000000008000b68       0x84 CMakeFiles/freeRTOSTest.dir/Core/Src/stm32f3xx_hal_msp.c.obj
                0x0000000008000b68                HAL_UART_MspInit
 .text.HAL_InitTick
                0x0000000008000bec       0xe0 CMakeFiles/freeRTOSTest.dir/Core/Src/stm32f3xx_hal_timebase_tim.c.obj
                0x0000000008000bec                HAL_InitTick
 .text.HAL_Init
                0x0000000008000ccc       0x2c CMakeFiles/freeRTOSTest.dir/Drivers/STM32F3xx_HAL_Driver/Src/stm32f3xx_hal.c.obj
                0x0000000008000ccc                HAL_Init
 .text.HAL_IncTick
                0x0000000008000cf8       0x28 CMakeFiles/freeRTOSTest.dir/Drivers/STM32F3xx_HAL_Driver/Src/stm32f3xx_hal.c.obj
                0x0000000008000cf8                HAL_IncTick
 .text.HAL_GetTick
                0x0000000008000d20       0x18 CMakeFiles/freeRTOSTest.dir/Drivers/STM32F3xx_HAL_Driver/Src/stm32f3xx_hal.c.obj
                0x0000000008000d20                HAL_GetTick
 .text.HAL_RCC_OscConfig
                0x0000000008000d38     0x10a8 CMakeFiles/freeRTOSTest.dir/Drivers/STM32F3xx_HAL_Driver/Src/stm32f3xx_hal_rcc.c.obj
                0x0000000008000d38                HAL_RCC_OscConfig
 .text.HAL_RCC_ClockConfig
                0x0000000008001de0      0x2f8 CMakeFiles/freeRTOSTest.dir/Drivers/STM32F3xx_HAL_Driver/Src/stm32f3xx_hal_rcc.c.obj
                0x0000000008001de0                HAL_RCC_ClockConfig
 .text.HAL_RCC_GetSysClockFreq
                0x00000000080020d8       0xd4 CMakeFiles/freeRTOSTest.dir/Drivers/STM32F3xx_HAL_Driver/Src/stm32f3xx_hal_rcc.c.obj
                0x00000000080020d8                HAL_RCC_GetSysClockFreq
 .text.HAL_RCC_GetHCLKFreq
                0x00000000080021ac       0x18 CMakeFiles/freeRTOSTest.dir/Drivers/STM32F3xx_HAL_Driver/Src/stm32f3xx_hal_rcc.c.obj
                0x00000000080021ac                HAL_RCC_GetHCLKFreq
 .text.HAL_RCC_GetPCLK1Freq
                0x00000000080021c4       0x44 CMakeFiles/freeRTOSTest.dir/Drivers/STM32F3xx_HAL_Driver/Src/stm32f3xx_hal_rcc.c.obj
                0x00000000080021c4                HAL_RCC_GetPCLK1Freq
 .text.HAL_RCC_GetPCLK2Freq
                0x0000000008002208       0x44 CMakeFiles/freeRTOSTest.dir/Drivers/STM32F3xx_HAL_Driver/Src/stm32f3xx_hal_rcc.c.obj
                0x0000000008002208                HAL_RCC_GetPCLK2Freq
 .text.HAL_RCC_GetClockConfig
                0x000000000800224c       0x64 CMakeFiles/freeRTOSTest.dir/Drivers/STM32F3xx_HAL_Driver/Src/stm32f3xx_hal_rcc.c.obj
                0x000000000800224c                HAL_RCC_GetClockConfig
 .text.HAL_RCCEx_PeriphCLKConfig
                0x00000000080022b0      0x43c CMakeFiles/freeRTOSTest.dir/Drivers/STM32F3xx_HAL_Driver/Src/stm32f3xx_hal_rcc_ex.c.obj
                0x00000000080022b0                HAL_RCCEx_PeriphCLKConfig
 .text.HAL_GPIO_Init
                0x00000000080026ec      0x314 CMakeFiles/freeRTOSTest.dir/Drivers/STM32F3xx_HAL_Driver/Src/stm32f3xx_hal_gpio.c.obj
                0x00000000080026ec                HAL_GPIO_Init
 .text.HAL_GPIO_WritePin
                0x0000000008002a00       0x30 CMakeFiles/freeRTOSTest.dir/Drivers/STM32F3xx_HAL_Driver/Src/stm32f3xx_hal_gpio.c.obj
                0x0000000008002a00                HAL_GPIO_WritePin
 .text.HAL_GPIO_TogglePin
                0x0000000008002a30       0x34 CMakeFiles/freeRTOSTest.dir/Drivers/STM32F3xx_HAL_Driver/Src/stm32f3xx_hal_gpio.c.obj
                0x0000000008002a30                HAL_GPIO_TogglePin
 .text.__NVIC_SetPriorityGrouping
                0x0000000008002a64       0x48 CMakeFiles/freeRTOSTest.dir/Drivers/STM32F3xx_HAL_Driver/Src/stm32f3xx_hal_cortex.c.obj
 .text.__NVIC_GetPriorityGrouping
                0x0000000008002aac       0x1c CMakeFiles/freeRTOSTest.dir/Drivers/STM32F3xx_HAL_Driver/Src/stm32f3xx_hal_cortex.c.obj
 .text.__NVIC_EnableIRQ
                0x0000000008002ac8       0x3c CMakeFiles/freeRTOSTest.dir/Drivers/STM32F3xx_HAL_Driver/Src/stm32f3xx_hal_cortex.c.obj
 .text.__NVIC_SetPriority
                0x0000000008002b04       0x54 CMakeFiles/freeRTOSTest.dir/Drivers/STM32F3xx_HAL_Driver/Src/stm32f3xx_hal_cortex.c.obj
 .text.NVIC_EncodePriority
                0x0000000008002b58       0x66 CMakeFiles/freeRTOSTest.dir/Drivers/STM32F3xx_HAL_Driver/Src/stm32f3xx_hal_cortex.c.obj
 .text.HAL_NVIC_SetPriorityGrouping
                0x0000000008002bbe       0x16 CMakeFiles/freeRTOSTest.dir/Drivers/STM32F3xx_HAL_Driver/Src/stm32f3xx_hal_cortex.c.obj
                0x0000000008002bbe                HAL_NVIC_SetPriorityGrouping
 .text.HAL_NVIC_SetPriority
                0x0000000008002bd4       0x38 CMakeFiles/freeRTOSTest.dir/Drivers/STM32F3xx_HAL_Driver/Src/stm32f3xx_hal_cortex.c.obj
                0x0000000008002bd4                HAL_NVIC_SetPriority
 .text.HAL_NVIC_EnableIRQ
                0x0000000008002c0c       0x1c CMakeFiles/freeRTOSTest.dir/Drivers/STM32F3xx_HAL_Driver/Src/stm32f3xx_hal_cortex.c.obj
                0x0000000008002c0c                HAL_NVIC_EnableIRQ
 .text.HAL_TIM_Base_Init
                0x0000000008002c28       0xae CMakeFiles/freeRTOSTest.dir/Drivers/STM32F3xx_HAL_Driver/Src/stm32f3xx_hal_tim.c.obj
                0x0000000008002c28                HAL_TIM_Base_Init
 *fill*         0x0000000008002cd6        0x2 
 .text.HAL_TIM_Base_Start
                0x0000000008002cd8       0xd0 CMakeFiles/freeRTOSTest.dir/Drivers/STM32F3xx_HAL_Driver/Src/stm32f3xx_hal_tim.c.obj
                0x0000000008002cd8                HAL_TIM_Base_Start
 .text.HAL_TIM_Base_Stop
                0x0000000008002da8       0x4e CMakeFiles/freeRTOSTest.dir/Drivers/STM32F3xx_HAL_Driver/Src/stm32f3xx_hal_tim.c.obj
                0x0000000008002da8                HAL_TIM_Base_Stop
 *fill*         0x0000000008002df6        0x2 
 .text.HAL_TIM_Base_Start_IT
                0x0000000008002df8       0xe0 CMakeFiles/freeRTOSTest.dir/Drivers/STM32F3xx_HAL_Driver/Src/stm32f3xx_hal_tim.c.obj
                0x0000000008002df8                HAL_TIM_Base_Start_IT
 .text.HAL_TIM_IRQHandler
                0x0000000008002ed8      0x23e CMakeFiles/freeRTOSTest.dir/Drivers/STM32F3xx_HAL_Driver/Src/stm32f3xx_hal_tim.c.obj
                0x0000000008002ed8                HAL_TIM_IRQHandler
 .text.HAL_TIM_ConfigClockSource
                0x0000000008003116      0x192 CMakeFiles/freeRTOSTest.dir/Drivers/STM32F3xx_HAL_Driver/Src/stm32f3xx_hal_tim.c.obj
                0x0000000008003116                HAL_TIM_ConfigClockSource
 .text.HAL_TIM_OC_DelayElapsedCallback
                0x00000000080032a8       0x14 CMakeFiles/freeRTOSTest.dir/Drivers/STM32F3xx_HAL_Driver/Src/stm32f3xx_hal_tim.c.obj
                0x00000000080032a8                HAL_TIM_OC_DelayElapsedCallback
 .text.HAL_TIM_IC_CaptureCallback
                0x00000000080032bc       0x14 CMakeFiles/freeRTOSTest.dir/Drivers/STM32F3xx_HAL_Driver/Src/stm32f3xx_hal_tim.c.obj
                0x00000000080032bc                HAL_TIM_IC_CaptureCallback
 .text.HAL_TIM_PWM_PulseFinishedCallback
                0x00000000080032d0       0x14 CMakeFiles/freeRTOSTest.dir/Drivers/STM32F3xx_HAL_Driver/Src/stm32f3xx_hal_tim.c.obj
                0x00000000080032d0                HAL_TIM_PWM_PulseFinishedCallback
 .text.HAL_TIM_TriggerCallback
                0x00000000080032e4       0x14 CMakeFiles/freeRTOSTest.dir/Drivers/STM32F3xx_HAL_Driver/Src/stm32f3xx_hal_tim.c.obj
                0x00000000080032e4                HAL_TIM_TriggerCallback
 .text.TIM_Base_SetConfig
                0x00000000080032f8      0x13c CMakeFiles/freeRTOSTest.dir/Drivers/STM32F3xx_HAL_Driver/Src/stm32f3xx_hal_tim.c.obj
                0x00000000080032f8                TIM_Base_SetConfig
 .text.TIM_TI1_ConfigInputStage
                0x0000000008003434       0x5e CMakeFiles/freeRTOSTest.dir/Drivers/STM32F3xx_HAL_Driver/Src/stm32f3xx_hal_tim.c.obj
 .text.TIM_TI2_ConfigInputStage
                0x0000000008003492       0x60 CMakeFiles/freeRTOSTest.dir/Drivers/STM32F3xx_HAL_Driver/Src/stm32f3xx_hal_tim.c.obj
 .text.TIM_ITRx_SetConfig
                0x00000000080034f2       0x36 CMakeFiles/freeRTOSTest.dir/Drivers/STM32F3xx_HAL_Driver/Src/stm32f3xx_hal_tim.c.obj
 .text.TIM_ETR_SetConfig
                0x0000000008003528       0x40 CMakeFiles/freeRTOSTest.dir/Drivers/STM32F3xx_HAL_Driver/Src/stm32f3xx_hal_tim.c.obj
                0x0000000008003528                TIM_ETR_SetConfig
 .text.HAL_TIMEx_MasterConfigSynchronization
                0x0000000008003568      0x118 CMakeFiles/freeRTOSTest.dir/Drivers/STM32F3xx_HAL_Driver/Src/stm32f3xx_hal_tim_ex.c.obj
                0x0000000008003568                HAL_TIMEx_MasterConfigSynchronization
 .text.HAL_TIMEx_CommutCallback
                0x0000000008003680       0x14 CMakeFiles/freeRTOSTest.dir/Drivers/STM32F3xx_HAL_Driver/Src/stm32f3xx_hal_tim_ex.c.obj
                0x0000000008003680                HAL_TIMEx_CommutCallback
 .text.HAL_TIMEx_BreakCallback
                0x0000000008003694       0x14 CMakeFiles/freeRTOSTest.dir/Drivers/STM32F3xx_HAL_Driver/Src/stm32f3xx_hal_tim_ex.c.obj
                0x0000000008003694                HAL_TIMEx_BreakCallback
 .text.HAL_TIMEx_Break2Callback
                0x00000000080036a8       0x14 CMakeFiles/freeRTOSTest.dir/Drivers/STM32F3xx_HAL_Driver/Src/stm32f3xx_hal_tim_ex.c.obj
                0x00000000080036a8                HAL_TIMEx_Break2Callback
 .text.HAL_UART_Init
                0x00000000080036bc       0x9c CMakeFiles/freeRTOSTest.dir/Drivers/STM32F3xx_HAL_Driver/Src/stm32f3xx_hal_uart.c.obj
                0x00000000080036bc                HAL_UART_Init
 .text.HAL_UART_Transmit
                0x0000000008003758      0x114 CMakeFiles/freeRTOSTest.dir/Drivers/STM32F3xx_HAL_Driver/Src/stm32f3xx_hal_uart.c.obj
                0x0000000008003758                HAL_UART_Transmit
 .text.HAL_UART_Receive
                0x000000000800386c      0x192 CMakeFiles/freeRTOSTest.dir/Drivers/STM32F3xx_HAL_Driver/Src/stm32f3xx_hal_uart.c.obj
                0x000000000800386c                HAL_UART_Receive
 *fill*         0x00000000080039fe        0x2 
 .text.UART_SetConfig
                0x0000000008003a00      0x3a8 CMakeFiles/freeRTOSTest.dir/Drivers/STM32F3xx_HAL_Driver/Src/stm32f3xx_hal_uart.c.obj
                0x0000000008003a00                UART_SetConfig
 .text.UART_AdvFeatureConfig
                0x0000000008003da8      0x144 CMakeFiles/freeRTOSTest.dir/Drivers/STM32F3xx_HAL_Driver/Src/stm32f3xx_hal_uart.c.obj
                0x0000000008003da8                UART_AdvFeatureConfig
 .text.UART_CheckIdleState
                0x0000000008003eec      0x150 CMakeFiles/freeRTOSTest.dir/Drivers/STM32F3xx_HAL_Driver/Src/stm32f3xx_hal_uart.c.obj
                0x0000000008003eec                UART_CheckIdleState
 .text.UART_WaitOnFlagUntilTimeout
                0x000000000800403c       0xce CMakeFiles/freeRTOSTest.dir/Drivers/STM32F3xx_HAL_Driver/Src/stm32f3xx_hal_uart.c.obj
                0x000000000800403c                UART_WaitOnFlagUntilTimeout
 .text.UART_EndRxTransfer
                0x000000000800410a       0xc8 CMakeFiles/freeRTOSTest.dir/Drivers/STM32F3xx_HAL_Driver/Src/stm32f3xx_hal_uart.c.obj
 *fill*         0x00000000080041d2        0x2 
 .text.SystemInit
                0x00000000080041d4       0x24 CMakeFiles/freeRTOSTest.dir/Core/Src/system_stm32f3xx.c.obj
                0x00000000080041d4                SystemInit
 .text.vListInitialise
                0x00000000080041f8       0x40 CMakeFiles/freeRTOSTest.dir/Middlewares/Third_Party/FreeRTOS/Source/list.c.obj
                0x00000000080041f8                vListInitialise
 .text.vListInitialiseItem
                0x0000000008004238       0x1a CMakeFiles/freeRTOSTest.dir/Middlewares/Third_Party/FreeRTOS/Source/list.c.obj
                0x0000000008004238                vListInitialiseItem
 .text.vListInsertEnd
                0x0000000008004252       0x48 CMakeFiles/freeRTOSTest.dir/Middlewares/Third_Party/FreeRTOS/Source/list.c.obj
                0x0000000008004252                vListInsertEnd
 .text.vListInsert
                0x000000000800429a       0x72 CMakeFiles/freeRTOSTest.dir/Middlewares/Third_Party/FreeRTOS/Source/list.c.obj
                0x000000000800429a                vListInsert
 .text.uxListRemove
                0x000000000800430c       0x54 CMakeFiles/freeRTOSTest.dir/Middlewares/Third_Party/FreeRTOS/Source/list.c.obj
                0x000000000800430c                uxListRemove
 .text.xTaskCreateStatic
                0x0000000008004360       0xb8 CMakeFiles/freeRTOSTest.dir/Middlewares/Third_Party/FreeRTOS/Source/tasks.c.obj
                0x0000000008004360                xTaskCreateStatic
 .text.xTaskCreate
                0x0000000008004418       0x8a CMakeFiles/freeRTOSTest.dir/Middlewares/Third_Party/FreeRTOS/Source/tasks.c.obj
                0x0000000008004418                xTaskCreate
 .text.prvInitialiseNewTask
                0x00000000080044a2      0x104 CMakeFiles/freeRTOSTest.dir/Middlewares/Third_Party/FreeRTOS/Source/tasks.c.obj
 *fill*         0x00000000080045a6        0x2 
 .text.prvAddNewTaskToReadyList
                0x00000000080045a8       0xd4 CMakeFiles/freeRTOSTest.dir/Middlewares/Third_Party/FreeRTOS/Source/tasks.c.obj
 .text.vTaskDelete
                0x000000000800467c      0x120 CMakeFiles/freeRTOSTest.dir/Middlewares/Third_Party/FreeRTOS/Source/tasks.c.obj
                0x000000000800467c                vTaskDelete
 .text.vTaskDelay
                0x000000000800479c       0x68 CMakeFiles/freeRTOSTest.dir/Middlewares/Third_Party/FreeRTOS/Source/tasks.c.obj
                0x000000000800479c                vTaskDelay
 .text.vTaskStartScheduler
                0x0000000008004804       0xc0 CMakeFiles/freeRTOSTest.dir/Middlewares/Third_Party/FreeRTOS/Source/tasks.c.obj
                0x0000000008004804                vTaskStartScheduler
 .text.vTaskSuspendAll
                0x00000000080048c4       0x1c CMakeFiles/freeRTOSTest.dir/Middlewares/Third_Party/FreeRTOS/Source/tasks.c.obj
                0x00000000080048c4                vTaskSuspendAll
 .text.xTaskResumeAll
                0x00000000080048e0      0x138 CMakeFiles/freeRTOSTest.dir/Middlewares/Third_Party/FreeRTOS/Source/tasks.c.obj
                0x00000000080048e0                xTaskResumeAll
 .text.xTaskIncrementTick
                0x0000000008004a18      0x17c CMakeFiles/freeRTOSTest.dir/Middlewares/Third_Party/FreeRTOS/Source/tasks.c.obj
                0x0000000008004a18                xTaskIncrementTick
 .text.vTaskSwitchContext
                0x0000000008004b94       0xb8 CMakeFiles/freeRTOSTest.dir/Middlewares/Third_Party/FreeRTOS/Source/tasks.c.obj
                0x0000000008004b94                vTaskSwitchContext
 .text.prvIdleTask
                0x0000000008004c4c       0x30 CMakeFiles/freeRTOSTest.dir/Middlewares/Third_Party/FreeRTOS/Source/tasks.c.obj
 .text.prvInitialiseTaskLists
                0x0000000008004c7c       0x80 CMakeFiles/freeRTOSTest.dir/Middlewares/Third_Party/FreeRTOS/Source/tasks.c.obj
 .text.prvCheckTasksWaitingTermination
                0x0000000008004cfc       0x5c CMakeFiles/freeRTOSTest.dir/Middlewares/Third_Party/FreeRTOS/Source/tasks.c.obj
 .text.prvDeleteTCB
                0x0000000008004d58       0x5e CMakeFiles/freeRTOSTest.dir/Middlewares/Third_Party/FreeRTOS/Source/tasks.c.obj
 *fill*         0x0000000008004db6        0x2 
 .text.prvResetNextTaskUnblockTime
                0x0000000008004db8       0x4c CMakeFiles/freeRTOSTest.dir/Middlewares/Third_Party/FreeRTOS/Source/tasks.c.obj
 .text.prvAddCurrentTaskToDelayedList
                0x0000000008004e04       0xcc CMakeFiles/freeRTOSTest.dir/Middlewares/Third_Party/FreeRTOS/Source/tasks.c.obj
 .text.makeFreeRtosPriority
                0x0000000008004ed0       0x30 CMakeFiles/freeRTOSTest.dir/Middlewares/Third_Party/FreeRTOS/Source/CMSIS_RTOS/cmsis_os.c.obj
 .text.osKernelStart
                0x0000000008004f00        0xe CMakeFiles/freeRTOSTest.dir/Middlewares/Third_Party/FreeRTOS/Source/CMSIS_RTOS/cmsis_os.c.obj
                0x0000000008004f00                osKernelStart
 .text.osThreadCreate
                0x0000000008004f0e       0x98 CMakeFiles/freeRTOSTest.dir/Middlewares/Third_Party/FreeRTOS/Source/CMSIS_RTOS/cmsis_os.c.obj
                0x0000000008004f0e                osThreadCreate
 .text.osThreadTerminate
                0x0000000008004fa6       0x18 CMakeFiles/freeRTOSTest.dir/Middlewares/Third_Party/FreeRTOS/Source/CMSIS_RTOS/cmsis_os.c.obj
                0x0000000008004fa6                osThreadTerminate
 *fill*         0x0000000008004fbe        0x2 
 .text.osThreadYield
                0x0000000008004fc0       0x24 CMakeFiles/freeRTOSTest.dir/Middlewares/Third_Party/FreeRTOS/Source/CMSIS_RTOS/cmsis_os.c.obj
                0x0000000008004fc0                osThreadYield
 .text.osDelay  0x0000000008004fe4       0x28 CMakeFiles/freeRTOSTest.dir/Middlewares/Third_Party/FreeRTOS/Source/CMSIS_RTOS/cmsis_os.c.obj
                0x0000000008004fe4                osDelay
 .text.pvPortMalloc
                0x000000000800500c      0x188 CMakeFiles/freeRTOSTest.dir/Middlewares/Third_Party/FreeRTOS/Source/portable/MemMang/heap_4.c.obj
                0x000000000800500c                pvPortMalloc
 .text.vPortFree
                0x0000000008005194       0xb4 CMakeFiles/freeRTOSTest.dir/Middlewares/Third_Party/FreeRTOS/Source/portable/MemMang/heap_4.c.obj
                0x0000000008005194                vPortFree
 .text.prvHeapInit
                0x0000000008005248       0xc4 CMakeFiles/freeRTOSTest.dir/Middlewares/Third_Party/FreeRTOS/Source/portable/MemMang/heap_4.c.obj
 .text.prvInsertBlockIntoFreeList
                0x000000000800530c       0xb4 CMakeFiles/freeRTOSTest.dir/Middlewares/Third_Party/FreeRTOS/Source/portable/MemMang/heap_4.c.obj
 .text.pxPortInitialiseStack
                0x00000000080053c0       0x68 CMakeFiles/freeRTOSTest.dir/Middlewares/Third_Party/FreeRTOS/Source/portable/GCC/ARM_CM4F/port.c.obj
                0x00000000080053c0                pxPortInitialiseStack
 .text.prvTaskExitError
                0x0000000008005428       0x58 CMakeFiles/freeRTOSTest.dir/Middlewares/Third_Party/FreeRTOS/Source/portable/GCC/ARM_CM4F/port.c.obj
 .text.SVC_Handler
                0x0000000008005480       0x28 CMakeFiles/freeRTOSTest.dir/Middlewares/Third_Party/FreeRTOS/Source/portable/GCC/ARM_CM4F/port.c.obj
                0x0000000008005480                SVC_Handler
 .text.prvPortStartFirstTask
                0x00000000080054a8       0x28 CMakeFiles/freeRTOSTest.dir/Middlewares/Third_Party/FreeRTOS/Source/portable/GCC/ARM_CM4F/port.c.obj
 .text.xPortStartScheduler
                0x00000000080054d0      0x144 CMakeFiles/freeRTOSTest.dir/Middlewares/Third_Party/FreeRTOS/Source/portable/GCC/ARM_CM4F/port.c.obj
                0x00000000080054d0                xPortStartScheduler
 .text.vPortEnterCritical
                0x0000000008005614       0x60 CMakeFiles/freeRTOSTest.dir/Middlewares/Third_Party/FreeRTOS/Source/portable/GCC/ARM_CM4F/port.c.obj
                0x0000000008005614                vPortEnterCritical
 .text.vPortExitCritical
                0x0000000008005674       0x54 CMakeFiles/freeRTOSTest.dir/Middlewares/Third_Party/FreeRTOS/Source/portable/GCC/ARM_CM4F/port.c.obj
                0x0000000008005674                vPortExitCritical
 *fill*         0x00000000080056c8        0x8 
 .text.PendSV_Handler
                0x00000000080056d0       0x68 CMakeFiles/freeRTOSTest.dir/Middlewares/Third_Party/FreeRTOS/Source/portable/GCC/ARM_CM4F/port.c.obj
                0x00000000080056d0                PendSV_Handler
 .text.SysTick_Handler
                0x0000000008005738       0x44 CMakeFiles/freeRTOSTest.dir/Middlewares/Third_Party/FreeRTOS/Source/portable/GCC/ARM_CM4F/port.c.obj
                0x0000000008005738                SysTick_Handler
 .text.vPortSetupTimerInterrupt
                0x000000000800577c       0x48 CMakeFiles/freeRTOSTest.dir/Middlewares/Third_Party/FreeRTOS/Source/portable/GCC/ARM_CM4F/port.c.obj
                0x000000000800577c                vPortSetupTimerInterrupt
 .text.vPortEnableVFP
                0x00000000080057c4       0x14 CMakeFiles/freeRTOSTest.dir/Middlewares/Third_Party/FreeRTOS/Source/portable/GCC/ARM_CM4F/port.c.obj
 .text.Reset_Handler
                0x00000000080057d8       0x50 CMakeFiles/freeRTOSTest.dir/startup_stm32f303xe.s.obj
                0x00000000080057d8                Reset_Handler
 .text.Default_Handler
                0x0000000008005828        0x2 CMakeFiles/freeRTOSTest.dir/startup_stm32f303xe.s.obj
                0x0000000008005828                RTC_Alarm_IRQHandler
                0x0000000008005828                TIM8_TRG_COM_IRQHandler
                0x0000000008005828                TIM8_CC_IRQHandler
                0x0000000008005828                SPI4_IRQHandler
                0x0000000008005828                TIM1_CC_IRQHandler
                0x0000000008005828                USB_HP_IRQHandler
                0x0000000008005828                PVD_IRQHandler
                0x0000000008005828                TAMP_STAMP_IRQHandler
                0x0000000008005828                EXTI3_IRQHandler
                0x0000000008005828                I2C3_ER_IRQHandler
                0x0000000008005828                USB_HP_CAN_TX_IRQHandler
                0x0000000008005828                EXTI0_IRQHandler
                0x0000000008005828                I2C2_EV_IRQHandler
                0x0000000008005828                FPU_IRQHandler
                0x0000000008005828                ADC1_2_IRQHandler
                0x0000000008005828                SPI1_IRQHandler
                0x0000000008005828                CAN_SCE_IRQHandler
                0x0000000008005828                TIM6_DAC_IRQHandler
                0x0000000008005828                TIM8_UP_IRQHandler
                0x0000000008005828                DMA2_Channel2_IRQHandler
                0x0000000008005828                DMA1_Channel4_IRQHandler
                0x0000000008005828                TIM20_TRG_COM_IRQHandler
                0x0000000008005828                USART3_IRQHandler
                0x0000000008005828                DMA1_Channel7_IRQHandler
                0x0000000008005828                UART5_IRQHandler
                0x0000000008005828                ADC3_IRQHandler
                0x0000000008005828                TIM4_IRQHandler
                0x0000000008005828                CAN_RX1_IRQHandler
                0x0000000008005828                DMA2_Channel1_IRQHandler
                0x0000000008005828                I2C1_EV_IRQHandler
                0x0000000008005828                DMA1_Channel6_IRQHandler
                0x0000000008005828                UART4_IRQHandler
                0x0000000008005828                DMA2_Channel4_IRQHandler
                0x0000000008005828                TIM3_IRQHandler
                0x0000000008005828                RCC_IRQHandler
                0x0000000008005828                TIM20_UP_IRQHandler
                0x0000000008005828                DMA1_Channel1_IRQHandler
                0x0000000008005828                Default_Handler
                0x0000000008005828                USBWakeUp_RMP_IRQHandler
                0x0000000008005828                EXTI15_10_IRQHandler
                0x0000000008005828                TIM7_IRQHandler
                0x0000000008005828                I2C3_EV_IRQHandler
                0x0000000008005828                EXTI9_5_IRQHandler
                0x0000000008005828                RTC_WKUP_IRQHandler
                0x0000000008005828                SPI2_IRQHandler
                0x0000000008005828                USB_LP_CAN_RX0_IRQHandler
                0x0000000008005828                DMA2_Channel5_IRQHandler
                0x0000000008005828                DMA1_Channel5_IRQHandler
                0x0000000008005828                USB_LP_IRQHandler
                0x0000000008005828                EXTI4_IRQHandler
                0x0000000008005828                TIM1_TRG_COM_TIM17_IRQHandler
                0x0000000008005828                DMA1_Channel3_IRQHandler
                0x0000000008005828                ADC4_IRQHandler
                0x0000000008005828                WWDG_IRQHandler
                0x0000000008005828                TIM2_IRQHandler
                0x0000000008005828                COMP7_IRQHandler
                0x0000000008005828                COMP1_2_3_IRQHandler
                0x0000000008005828                EXTI1_IRQHandler
                0x0000000008005828                USART2_IRQHandler
                0x0000000008005828                COMP4_5_6_IRQHandler
                0x0000000008005828                TIM20_BRK_IRQHandler
                0x0000000008005828                I2C2_ER_IRQHandler
                0x0000000008005828                DMA1_Channel2_IRQHandler
                0x0000000008005828                TIM8_BRK_IRQHandler
                0x0000000008005828                FLASH_IRQHandler
                0x0000000008005828                TIM20_CC_IRQHandler
                0x0000000008005828                USART1_IRQHandler
                0x0000000008005828                SPI3_IRQHandler
                0x0000000008005828                I2C1_ER_IRQHandler
                0x0000000008005828                FMC_IRQHandler
                0x0000000008005828                USBWakeUp_IRQHandler
                0x0000000008005828                DMA2_Channel3_IRQHandler
                0x0000000008005828                EXTI2_TSC_IRQHandler
                0x0000000008005828                TIM1_BRK_TIM15_IRQHandler
 *(.glue_7)
 .glue_7        0x000000000800582a        0x0 linker stubs
 *(.glue_7t)
 .glue_7t       0x000000000800582a        0x0 linker stubs
 *(.eh_frame)
 *fill*         0x000000000800582a        0x2 
 .eh_frame      0x000000000800582c        0x0 /home/krzysztof/toolchains/gcc-arm-none-eabi-10.3-2021.10/bin/../lib/gcc/arm-none-eabi/10.3.1/thumb/v7e-m+fp/hard/crtbegin.o
 *(.init)
 .init          0x000000000800582c        0x4 /home/krzysztof/toolchains/gcc-arm-none-eabi-10.3-2021.10/bin/../lib/gcc/arm-none-eabi/10.3.1/thumb/v7e-m+fp/hard/crti.o
                0x000000000800582c                _init
 .init          0x0000000008005830        0x8 /home/krzysztof/toolchains/gcc-arm-none-eabi-10.3-2021.10/bin/../lib/gcc/arm-none-eabi/10.3.1/thumb/v7e-m+fp/hard/crtn.o
 *(.fini)
 .fini          0x0000000008005838        0x4 /home/krzysztof/toolchains/gcc-arm-none-eabi-10.3-2021.10/bin/../lib/gcc/arm-none-eabi/10.3.1/thumb/v7e-m+fp/hard/crti.o
                0x0000000008005838                _fini
 .fini          0x000000000800583c        0x8 /home/krzysztof/toolchains/gcc-arm-none-eabi-10.3-2021.10/bin/../lib/gcc/arm-none-eabi/10.3.1/thumb/v7e-m+fp/hard/crtn.o
                0x0000000008005844                . = ALIGN (0x4)
                0x0000000008005844                _etext = .

.vfp11_veneer   0x0000000008005844        0x0
 .vfp11_veneer  0x0000000008005844        0x0 linker stubs

.v4_bx          0x0000000008005844        0x0
 .v4_bx         0x0000000008005844        0x0 linker stubs

.iplt           0x0000000008005844        0x0
 .iplt          0x0000000008005844        0x0 /home/krzysztof/toolchains/gcc-arm-none-eabi-10.3-2021.10/bin/../lib/gcc/arm-none-eabi/10.3.1/thumb/v7e-m+fp/hard/crtbegin.o

.rodata         0x0000000008005844       0xe8
                0x0000000008005844                . = ALIGN (0x4)
 *(.rodata)
 .rodata        0x0000000008005844       0x57 CMakeFiles/freeRTOSTest.dir/Core/Src/test_threads/main_thread.c.obj
 *fill*         0x000000000800589b        0x1 
 .rodata        0x000000000800589c       0x34 CMakeFiles/freeRTOSTest.dir/Core/Src/main.c.obj
 .rodata        0x00000000080058d0        0x5 CMakeFiles/freeRTOSTest.dir/Middlewares/Third_Party/FreeRTOS/Source/tasks.c.obj
 *(.rodata*)
 *fill*         0x00000000080058d5        0x3 
 .rodata.os_thread_def_Task1Thread
                0x00000000080058d8       0x1c CMakeFiles/freeRTOSTest.dir/Core/Src/test_threads/main_thread.c.obj
                0x00000000080058d8                os_thread_def_Task1Thread
 .rodata.aPLLMULFactorTable
                0x00000000080058f4       0x10 CMakeFiles/freeRTOSTest.dir/Drivers/STM32F3xx_HAL_Driver/Src/stm32f3xx_hal_rcc.c.obj
 .rodata.aPredivFactorTable
                0x0000000008005904       0x10 CMakeFiles/freeRTOSTest.dir/Drivers/STM32F3xx_HAL_Driver/Src/stm32f3xx_hal_rcc.c.obj
 .rodata.AHBPrescTable
                0x0000000008005914       0x10 CMakeFiles/freeRTOSTest.dir/Core/Src/system_stm32f3xx.c.obj
                0x0000000008005914                AHBPrescTable
 .rodata.APBPrescTable
                0x0000000008005924        0x8 CMakeFiles/freeRTOSTest.dir/Core/Src/system_stm32f3xx.c.obj
                0x0000000008005924                APBPrescTable
                0x000000000800592c                . = ALIGN (0x4)

.rel.dyn        0x000000000800592c        0x0
 .rel.iplt      0x000000000800592c        0x0 /home/krzysztof/toolchains/gcc-arm-none-eabi-10.3-2021.10/bin/../lib/gcc/arm-none-eabi/10.3.1/thumb/v7e-m+fp/hard/crtbegin.o

.ARM.extab
 *(.ARM.extab* .gnu.linkonce.armextab.*)

.ARM            0x000000000800592c        0x0
                0x000000000800592c                __exidx_start = .
 *(.ARM.exidx*)
                0x000000000800592c                __exidx_end = .

.preinit_array  0x000000000800592c        0x0
                0x000000000800592c                PROVIDE (__preinit_array_start = .)
 *(.preinit_array*)
                0x000000000800592c                PROVIDE (__preinit_array_end = .)

.init_array     0x000000000800592c        0x4
                0x000000000800592c                PROVIDE (__init_array_start = .)
 *(SORT_BY_NAME(.init_array.*))
 *(.init_array*)
 .init_array    0x000000000800592c        0x4 /home/krzysztof/toolchains/gcc-arm-none-eabi-10.3-2021.10/bin/../lib/gcc/arm-none-eabi/10.3.1/thumb/v7e-m+fp/hard/crtbegin.o
                0x0000000008005930                PROVIDE (__init_array_end = .)

.fini_array     0x0000000008005930        0x4
                [!provide]                        PROVIDE (__fini_array_start = .)
 *(SORT_BY_NAME(.fini_array.*))
 *(.fini_array*)
 .fini_array    0x0000000008005930        0x4 /home/krzysztof/toolchains/gcc-arm-none-eabi-10.3-2021.10/bin/../lib/gcc/arm-none-eabi/10.3.1/thumb/v7e-m+fp/hard/crtbegin.o
                [!provide]                        PROVIDE (__fini_array_end = .)
                0x0000000008005934                _sidata = LOADADDR (.data)

.data           0x0000000020000000      0x210 load address 0x0000000008005934
                0x0000000020000000                . = ALIGN (0x4)
                0x0000000020000000                _sdata = .
 *(.data)
 *(.data*)
 .data.crc16_tab
                0x0000000020000000      0x200 CMakeFiles/freeRTOSTest.dir/Core/Src/frame_controller.c.obj
 .data.uwTickPrio
                0x0000000020000200        0x4 CMakeFiles/freeRTOSTest.dir/Drivers/STM32F3xx_HAL_Driver/Src/stm32f3xx_hal.c.obj
                0x0000000020000200                uwTickPrio
 .data.uwTickFreq
                0x0000000020000204        0x1 CMakeFiles/freeRTOSTest.dir/Drivers/STM32F3xx_HAL_Driver/Src/stm32f3xx_hal.c.obj
                0x0000000020000204                uwTickFreq
 *fill*         0x0000000020000205        0x3 
 .data.SystemCoreClock
                0x0000000020000208        0x4 CMakeFiles/freeRTOSTest.dir/Core/Src/system_stm32f3xx.c.obj
                0x0000000020000208                SystemCoreClock
 .data.uxCriticalNesting
                0x000000002000020c        0x4 CMakeFiles/freeRTOSTest.dir/Middlewares/Third_Party/FreeRTOS/Source/portable/GCC/ARM_CM4F/port.c.obj
                0x0000000020000210                . = ALIGN (0x4)
                0x0000000020000210                _edata = .
                0x0000000008005b44                _siccmram = LOADADDR (.ccmram)

.igot.plt       0x0000000020000210        0x0 load address 0x0000000008005b44
 .igot.plt      0x0000000020000210        0x0 /home/krzysztof/toolchains/gcc-arm-none-eabi-10.3-2021.10/bin/../lib/gcc/arm-none-eabi/10.3.1/thumb/v7e-m+fp/hard/crtbegin.o

.ccmram         0x0000000010000000        0x0 load address 0x0000000008005b44
                0x0000000010000000                . = ALIGN (0x4)
                0x0000000010000000                _sccmram = .
 *(.ccmram)
 *(.ccmram*)
                0x0000000010000000                . = ALIGN (0x4)
                0x0000000010000000                _eccmram = .
                0x0000000010000000                . = ALIGN (0x4)

.bss            0x0000000020000210     0xd2bc
                0x0000000020000210                _sbss = .
                0x0000000020000210                __bss_start__ = _sbss
 *(.bss)
 .bss           0x0000000020000210       0x1c /home/krzysztof/toolchains/gcc-arm-none-eabi-10.3-2021.10/bin/../lib/gcc/arm-none-eabi/10.3.1/thumb/v7e-m+fp/hard/crtbegin.o
 *(.bss*)
 .bss.tasks     0x000000002000022c      0x190 CMakeFiles/freeRTOSTest.dir/Core/Src/test_threads/main_thread.c.obj
                0x000000002000022c                tasks
 .bss.values    0x00000000200003bc     0x9c40 CMakeFiles/freeRTOSTest.dir/Core/Src/main.c.obj
                0x00000000200003bc                values
 .bss.start_flag
                0x0000000020009ffc        0x4 CMakeFiles/freeRTOSTest.dir/Core/Src/main.c.obj
                0x0000000020009ffc                start_flag
 .bss.defaultTaskHandle
                0x000000002000a000        0x4 CMakeFiles/freeRTOSTest.dir/Core/Src/main.c.obj
                0x000000002000a000                defaultTaskHandle
 .bss.htim2     0x000000002000a004       0x4c CMakeFiles/freeRTOSTest.dir/Core/Src/main.c.obj
                0x000000002000a004                htim2
 .bss.huart2    0x000000002000a050       0x88 CMakeFiles/freeRTOSTest.dir/Core/Src/main.c.obj
                0x000000002000a050                huart2
 .bss.xIdleTaskTCBBuffer
                0x000000002000a0d8       0x58 CMakeFiles/freeRTOSTest.dir/Core/Src/freertos.c.obj
 .bss.xIdleStack
                0x000000002000a130      0x200 CMakeFiles/freeRTOSTest.dir/Core/Src/freertos.c.obj
 .bss.htim1     0x000000002000a330       0x4c CMakeFiles/freeRTOSTest.dir/Core/Src/stm32f3xx_hal_timebase_tim.c.obj
                0x000000002000a330                htim1
 .bss.uwTick    0x000000002000a37c        0x4 CMakeFiles/freeRTOSTest.dir/Drivers/STM32F3xx_HAL_Driver/Src/stm32f3xx_hal.c.obj
                0x000000002000a37c                uwTick
 .bss.pxCurrentTCB
                0x000000002000a380        0x4 CMakeFiles/freeRTOSTest.dir/Middlewares/Third_Party/FreeRTOS/Source/tasks.c.obj
                0x000000002000a380                pxCurrentTCB
 .bss.pxReadyTasksLists
                0x000000002000a384       0x8c CMakeFiles/freeRTOSTest.dir/Middlewares/Third_Party/FreeRTOS/Source/tasks.c.obj
 .bss.xDelayedTaskList1
                0x000000002000a410       0x14 CMakeFiles/freeRTOSTest.dir/Middlewares/Third_Party/FreeRTOS/Source/tasks.c.obj
 .bss.xDelayedTaskList2
                0x000000002000a424       0x14 CMakeFiles/freeRTOSTest.dir/Middlewares/Third_Party/FreeRTOS/Source/tasks.c.obj
 .bss.pxDelayedTaskList
                0x000000002000a438        0x4 CMakeFiles/freeRTOSTest.dir/Middlewares/Third_Party/FreeRTOS/Source/tasks.c.obj
 .bss.pxOverflowDelayedTaskList
                0x000000002000a43c        0x4 CMakeFiles/freeRTOSTest.dir/Middlewares/Third_Party/FreeRTOS/Source/tasks.c.obj
 .bss.xPendingReadyList
                0x000000002000a440       0x14 CMakeFiles/freeRTOSTest.dir/Middlewares/Third_Party/FreeRTOS/Source/tasks.c.obj
 .bss.xTasksWaitingTermination
                0x000000002000a454       0x14 CMakeFiles/freeRTOSTest.dir/Middlewares/Third_Party/FreeRTOS/Source/tasks.c.obj
 .bss.uxDeletedTasksWaitingCleanUp
                0x000000002000a468        0x4 CMakeFiles/freeRTOSTest.dir/Middlewares/Third_Party/FreeRTOS/Source/tasks.c.obj
 .bss.xSuspendedTaskList
                0x000000002000a46c       0x14 CMakeFiles/freeRTOSTest.dir/Middlewares/Third_Party/FreeRTOS/Source/tasks.c.obj
 .bss.uxCurrentNumberOfTasks
                0x000000002000a480        0x4 CMakeFiles/freeRTOSTest.dir/Middlewares/Third_Party/FreeRTOS/Source/tasks.c.obj
 .bss.xTickCount
                0x000000002000a484        0x4 CMakeFiles/freeRTOSTest.dir/Middlewares/Third_Party/FreeRTOS/Source/tasks.c.obj
 .bss.uxTopReadyPriority
                0x000000002000a488        0x4 CMakeFiles/freeRTOSTest.dir/Middlewares/Third_Party/FreeRTOS/Source/tasks.c.obj
 .bss.xSchedulerRunning
                0x000000002000a48c        0x4 CMakeFiles/freeRTOSTest.dir/Middlewares/Third_Party/FreeRTOS/Source/tasks.c.obj
 .bss.uxPendedTicks
                0x000000002000a490        0x4 CMakeFiles/freeRTOSTest.dir/Middlewares/Third_Party/FreeRTOS/Source/tasks.c.obj
 .bss.xYieldPending
                0x000000002000a494        0x4 CMakeFiles/freeRTOSTest.dir/Middlewares/Third_Party/FreeRTOS/Source/tasks.c.obj
 .bss.xNumOfOverflows
                0x000000002000a498        0x4 CMakeFiles/freeRTOSTest.dir/Middlewares/Third_Party/FreeRTOS/Source/tasks.c.obj
 .bss.uxTaskNumber
                0x000000002000a49c        0x4 CMakeFiles/freeRTOSTest.dir/Middlewares/Third_Party/FreeRTOS/Source/tasks.c.obj
 .bss.xNextTaskUnblockTime
                0x000000002000a4a0        0x4 CMakeFiles/freeRTOSTest.dir/Middlewares/Third_Party/FreeRTOS/Source/tasks.c.obj
 .bss.xIdleTaskHandle
                0x000000002000a4a4        0x4 CMakeFiles/freeRTOSTest.dir/Middlewares/Third_Party/FreeRTOS/Source/tasks.c.obj
 .bss.uxSchedulerSuspended
                0x000000002000a4a8        0x4 CMakeFiles/freeRTOSTest.dir/Middlewares/Third_Party/FreeRTOS/Source/tasks.c.obj
 .bss.ucHeap    0x000000002000a4ac     0x3000 CMakeFiles/freeRTOSTest.dir/Middlewares/Third_Party/FreeRTOS/Source/portable/MemMang/heap_4.c.obj
 .bss.xStart    0x000000002000d4ac        0x8 CMakeFiles/freeRTOSTest.dir/Middlewares/Third_Party/FreeRTOS/Source/portable/MemMang/heap_4.c.obj
 .bss.pxEnd     0x000000002000d4b4        0x4 CMakeFiles/freeRTOSTest.dir/Middlewares/Third_Party/FreeRTOS/Source/portable/MemMang/heap_4.c.obj
 .bss.xFreeBytesRemaining
                0x000000002000d4b8        0x4 CMakeFiles/freeRTOSTest.dir/Middlewares/Third_Party/FreeRTOS/Source/portable/MemMang/heap_4.c.obj
 .bss.xMinimumEverFreeBytesRemaining
                0x000000002000d4bc        0x4 CMakeFiles/freeRTOSTest.dir/Middlewares/Third_Party/FreeRTOS/Source/portable/MemMang/heap_4.c.obj
 .bss.xBlockAllocatedBit
                0x000000002000d4c0        0x4 CMakeFiles/freeRTOSTest.dir/Middlewares/Third_Party/FreeRTOS/Source/portable/MemMang/heap_4.c.obj
 .bss.ucMaxSysCallPriority
                0x000000002000d4c4        0x1 CMakeFiles/freeRTOSTest.dir/Middlewares/Third_Party/FreeRTOS/Source/portable/GCC/ARM_CM4F/port.c.obj
 *fill*         0x000000002000d4c5        0x3 
 .bss.ulMaxPRIGROUPValue
                0x000000002000d4c8        0x4 CMakeFiles/freeRTOSTest.dir/Middlewares/Third_Party/FreeRTOS/Source/portable/GCC/ARM_CM4F/port.c.obj
 *(COMMON)
                0x000000002000d4cc                . = ALIGN (0x4)
                0x000000002000d4cc                _ebss = .
                0x000000002000d4cc                __bss_end__ = _ebss

._user_heap_stack
                0x000000002000d4cc      0x604
                0x000000002000d4d0                . = ALIGN (0x8)
 *fill*         0x000000002000d4cc        0x4 
                [!provide]                        PROVIDE (end = .)
                0x000000002000d4d0                PROVIDE (_end = .)
                0x000000002000d6d0                . = (. + _Min_Heap_Size)
 *fill*         0x000000002000d4d0      0x200 
                0x000000002000dad0                . = (. + _Min_Stack_Size)
 *fill*         0x000000002000d6d0      0x400 
                0x000000002000dad0                . = ALIGN (0x8)

/DISCARD/
 libc.a(*)
 libm.a(*)
 libgcc.a(*)

.ARM.attributes
                0x0000000000000000       0x30
 *(.ARM.attributes)
 .ARM.attributes
                0x0000000000000000       0x1e /home/krzysztof/toolchains/gcc-arm-none-eabi-10.3-2021.10/bin/../lib/gcc/arm-none-eabi/10.3.1/thumb/v7e-m+fp/hard/crti.o
 .ARM.attributes
                0x000000000000001e       0x34 /home/krzysztof/toolchains/gcc-arm-none-eabi-10.3-2021.10/bin/../lib/gcc/arm-none-eabi/10.3.1/thumb/v7e-m+fp/hard/crtbegin.o
 .ARM.attributes
                0x0000000000000052       0x34 /home/krzysztof/toolchains/gcc-arm-none-eabi-10.3-2021.10/bin/../lib/gcc/arm-none-eabi/10.3.1/../../../../arm-none-eabi/lib/thumb/v7e-m+fp/hard/libc_nano.a(lib_a-init.o)
 .ARM.attributes
                0x0000000000000086       0x34 /home/krzysztof/toolchains/gcc-arm-none-eabi-10.3-2021.10/bin/../lib/gcc/arm-none-eabi/10.3.1/../../../../arm-none-eabi/lib/thumb/v7e-m+fp/hard/libc_nano.a(lib_a-memset.o)
 .ARM.attributes
                0x00000000000000ba       0x34 CMakeFiles/freeRTOSTest.dir/Core/Src/test_threads/main_thread.c.obj
 .ARM.attributes
                0x00000000000000ee       0x34 CMakeFiles/freeRTOSTest.dir/Core/Src/test_threads/test1.c.obj
 .ARM.attributes
                0x0000000000000122       0x34 CMakeFiles/freeRTOSTest.dir/Core/Src/frame_controller.c.obj
 .ARM.attributes
                0x0000000000000156       0x34 CMakeFiles/freeRTOSTest.dir/Core/Src/main.c.obj
 .ARM.attributes
                0x000000000000018a       0x34 CMakeFiles/freeRTOSTest.dir/Core/Src/freertos.c.obj
 .ARM.attributes
                0x00000000000001be       0x34 CMakeFiles/freeRTOSTest.dir/Core/Src/stm32f3xx_it.c.obj
 .ARM.attributes
                0x00000000000001f2       0x34 CMakeFiles/freeRTOSTest.dir/Core/Src/stm32f3xx_hal_msp.c.obj
 .ARM.attributes
                0x0000000000000226       0x34 CMakeFiles/freeRTOSTest.dir/Core/Src/stm32f3xx_hal_timebase_tim.c.obj
 .ARM.attributes
                0x000000000000025a       0x34 CMakeFiles/freeRTOSTest.dir/Drivers/STM32F3xx_HAL_Driver/Src/stm32f3xx_hal.c.obj
 .ARM.attributes
                0x000000000000028e       0x34 CMakeFiles/freeRTOSTest.dir/Drivers/STM32F3xx_HAL_Driver/Src/stm32f3xx_hal_rcc.c.obj
 .ARM.attributes
                0x00000000000002c2       0x34 CMakeFiles/freeRTOSTest.dir/Drivers/STM32F3xx_HAL_Driver/Src/stm32f3xx_hal_rcc_ex.c.obj
 .ARM.attributes
                0x00000000000002f6       0x34 CMakeFiles/freeRTOSTest.dir/Drivers/STM32F3xx_HAL_Driver/Src/stm32f3xx_hal_gpio.c.obj
 .ARM.attributes
                0x000000000000032a       0x34 CMakeFiles/freeRTOSTest.dir/Drivers/STM32F3xx_HAL_Driver/Src/stm32f3xx_hal_cortex.c.obj
 .ARM.attributes
                0x000000000000035e       0x34 CMakeFiles/freeRTOSTest.dir/Drivers/STM32F3xx_HAL_Driver/Src/stm32f3xx_hal_tim.c.obj
 .ARM.attributes
                0x0000000000000392       0x34 CMakeFiles/freeRTOSTest.dir/Drivers/STM32F3xx_HAL_Driver/Src/stm32f3xx_hal_tim_ex.c.obj
 .ARM.attributes
                0x00000000000003c6       0x34 CMakeFiles/freeRTOSTest.dir/Drivers/STM32F3xx_HAL_Driver/Src/stm32f3xx_hal_uart.c.obj
 .ARM.attributes
                0x00000000000003fa       0x34 CMakeFiles/freeRTOSTest.dir/Core/Src/system_stm32f3xx.c.obj
 .ARM.attributes
                0x000000000000042e       0x34 CMakeFiles/freeRTOSTest.dir/Middlewares/Third_Party/FreeRTOS/Source/list.c.obj
 .ARM.attributes
                0x0000000000000462       0x34 CMakeFiles/freeRTOSTest.dir/Middlewares/Third_Party/FreeRTOS/Source/tasks.c.obj
 .ARM.attributes
                0x0000000000000496       0x34 CMakeFiles/freeRTOSTest.dir/Middlewares/Third_Party/FreeRTOS/Source/CMSIS_RTOS/cmsis_os.c.obj
 .ARM.attributes
                0x00000000000004ca       0x34 CMakeFiles/freeRTOSTest.dir/Middlewares/Third_Party/FreeRTOS/Source/portable/MemMang/heap_4.c.obj
 .ARM.attributes
                0x00000000000004fe       0x34 CMakeFiles/freeRTOSTest.dir/Middlewares/Third_Party/FreeRTOS/Source/portable/GCC/ARM_CM4F/port.c.obj
 .ARM.attributes
                0x0000000000000532       0x21 CMakeFiles/freeRTOSTest.dir/startup_stm32f303xe.s.obj
 .ARM.attributes
                0x0000000000000553       0x1e /home/krzysztof/toolchains/gcc-arm-none-eabi-10.3-2021.10/bin/../lib/gcc/arm-none-eabi/10.3.1/thumb/v7e-m+fp/hard/crtn.o
OUTPUT(freeRTOSTest.elf elf32-littlearm)
LOAD linker stubs
LOAD /home/krzysztof/toolchains/gcc-arm-none-eabi-10.3-2021.10/bin/../lib/gcc/arm-none-eabi/10.3.1/../../../../arm-none-eabi/lib/thumb/v7e-m+fp/hard/libc.a
LOAD /home/krzysztof/toolchains/gcc-arm-none-eabi-10.3-2021.10/bin/../lib/gcc/arm-none-eabi/10.3.1/../../../../arm-none-eabi/lib/thumb/v7e-m+fp/hard/libm.a
LOAD /home/krzysztof/toolchains/gcc-arm-none-eabi-10.3-2021.10/bin/../lib/gcc/arm-none-eabi/10.3.1/thumb/v7e-m+fp/hard/libgcc.a

.debug_frame    0x0000000000000000     0x4640
 .debug_frame   0x0000000000000000       0x2c /home/krzysztof/toolchains/gcc-arm-none-eabi-10.3-2021.10/bin/../lib/gcc/arm-none-eabi/10.3.1/../../../../arm-none-eabi/lib/thumb/v7e-m+fp/hard/libc_nano.a(lib_a-init.o)
 .debug_frame   0x000000000000002c       0x20 /home/krzysztof/toolchains/gcc-arm-none-eabi-10.3-2021.10/bin/../lib/gcc/arm-none-eabi/10.3.1/../../../../arm-none-eabi/lib/thumb/v7e-m+fp/hard/libc_nano.a(lib_a-memset.o)
 .debug_frame   0x000000000000004c       0x60 CMakeFiles/freeRTOSTest.dir/Core/Src/test_threads/main_thread.c.obj
 .debug_frame   0x00000000000000ac       0x30 CMakeFiles/freeRTOSTest.dir/Core/Src/test_threads/test1.c.obj
 .debug_frame   0x00000000000000dc       0x80 CMakeFiles/freeRTOSTest.dir/Core/Src/frame_controller.c.obj
 .debug_frame   0x000000000000015c      0x120 CMakeFiles/freeRTOSTest.dir/Core/Src/main.c.obj
 .debug_frame   0x000000000000027c       0x38 CMakeFiles/freeRTOSTest.dir/Core/Src/freertos.c.obj
 .debug_frame   0x00000000000002b4       0xc4 CMakeFiles/freeRTOSTest.dir/Core/Src/stm32f3xx_it.c.obj
 .debug_frame   0x0000000000000378       0xcc CMakeFiles/freeRTOSTest.dir/Core/Src/stm32f3xx_hal_msp.c.obj
 .debug_frame   0x0000000000000444       0x74 CMakeFiles/freeRTOSTest.dir/Core/Src/stm32f3xx_hal_timebase_tim.c.obj
 .debug_frame   0x00000000000004b8      0x334 CMakeFiles/freeRTOSTest.dir/Drivers/STM32F3xx_HAL_Driver/Src/stm32f3xx_hal.c.obj
 .debug_frame   0x00000000000007ec      0x214 CMakeFiles/freeRTOSTest.dir/Drivers/STM32F3xx_HAL_Driver/Src/stm32f3xx_hal_rcc.c.obj
 .debug_frame   0x0000000000000a00       0xb0 CMakeFiles/freeRTOSTest.dir/Drivers/STM32F3xx_HAL_Driver/Src/stm32f3xx_hal_rcc_ex.c.obj
 .debug_frame   0x0000000000000ab0      0x14c CMakeFiles/freeRTOSTest.dir/Drivers/STM32F3xx_HAL_Driver/Src/stm32f3xx_hal_gpio.c.obj
 .debug_frame   0x0000000000000bfc      0x498 CMakeFiles/freeRTOSTest.dir/Drivers/STM32F3xx_HAL_Driver/Src/stm32f3xx_hal_cortex.c.obj
 .debug_frame   0x0000000000001094     0x121c CMakeFiles/freeRTOSTest.dir/Drivers/STM32F3xx_HAL_Driver/Src/stm32f3xx_hal_tim.c.obj
 .debug_frame   0x00000000000022b0      0x688 CMakeFiles/freeRTOSTest.dir/Drivers/STM32F3xx_HAL_Driver/Src/stm32f3xx_hal_tim_ex.c.obj
 .debug_frame   0x0000000000002938      0x9e8 CMakeFiles/freeRTOSTest.dir/Drivers/STM32F3xx_HAL_Driver/Src/stm32f3xx_hal_uart.c.obj
 .debug_frame   0x0000000000003320       0x58 CMakeFiles/freeRTOSTest.dir/Core/Src/system_stm32f3xx.c.obj
 .debug_frame   0x0000000000003378       0xd8 CMakeFiles/freeRTOSTest.dir/Middlewares/Third_Party/FreeRTOS/Source/list.c.obj
 .debug_frame   0x0000000000003450      0x734 CMakeFiles/freeRTOSTest.dir/Middlewares/Third_Party/FreeRTOS/Source/tasks.c.obj
 .debug_frame   0x0000000000003b84      0x80c CMakeFiles/freeRTOSTest.dir/Middlewares/Third_Party/FreeRTOS/Source/CMSIS_RTOS/cmsis_os.c.obj
 .debug_frame   0x0000000000004390      0x108 CMakeFiles/freeRTOSTest.dir/Middlewares/Third_Party/FreeRTOS/Source/portable/MemMang/heap_4.c.obj
 .debug_frame   0x0000000000004498      0x1a8 CMakeFiles/freeRTOSTest.dir/Middlewares/Third_Party/FreeRTOS/Source/portable/GCC/ARM_CM4F/port.c.obj

.debug_info     0x0000000000000000    0x14b78
 .debug_info    0x0000000000000000     0x11ae CMakeFiles/freeRTOSTest.dir/Core/Src/test_threads/main_thread.c.obj
 .debug_info    0x00000000000011ae      0x6f6 CMakeFiles/freeRTOSTest.dir/Core/Src/test_threads/test1.c.obj
 .debug_info    0x00000000000018a4      0x267 CMakeFiles/freeRTOSTest.dir/Core/Src/frame_controller.c.obj
 .debug_info    0x0000000000001b0b     0x1464 CMakeFiles/freeRTOSTest.dir/Core/Src/main.c.obj
 .debug_info    0x0000000000002f6f      0x2a2 CMakeFiles/freeRTOSTest.dir/Core/Src/freertos.c.obj
 .debug_info    0x0000000000003211      0x6dd CMakeFiles/freeRTOSTest.dir/Core/Src/stm32f3xx_it.c.obj
 .debug_info    0x00000000000038ee      0xf15 CMakeFiles/freeRTOSTest.dir/Core/Src/stm32f3xx_hal_msp.c.obj
 .debug_info    0x0000000000004803      0xa7f CMakeFiles/freeRTOSTest.dir/Core/Src/stm32f3xx_hal_timebase_tim.c.obj
 .debug_info    0x0000000000005282      0x7e4 CMakeFiles/freeRTOSTest.dir/Drivers/STM32F3xx_HAL_Driver/Src/stm32f3xx_hal.c.obj
 .debug_info    0x0000000000005a66     0x1580 CMakeFiles/freeRTOSTest.dir/Drivers/STM32F3xx_HAL_Driver/Src/stm32f3xx_hal_rcc.c.obj
 .debug_info    0x0000000000006fe6      0x659 CMakeFiles/freeRTOSTest.dir/Drivers/STM32F3xx_HAL_Driver/Src/stm32f3xx_hal_rcc_ex.c.obj
 .debug_info    0x000000000000763f      0x74e CMakeFiles/freeRTOSTest.dir/Drivers/STM32F3xx_HAL_Driver/Src/stm32f3xx_hal_gpio.c.obj
 .debug_info    0x0000000000007d8d      0xdb5 CMakeFiles/freeRTOSTest.dir/Drivers/STM32F3xx_HAL_Driver/Src/stm32f3xx_hal_cortex.c.obj
 .debug_info    0x0000000000008b42     0x2c3f CMakeFiles/freeRTOSTest.dir/Drivers/STM32F3xx_HAL_Driver/Src/stm32f3xx_hal_tim.c.obj
 .debug_info    0x000000000000b781     0x1574 CMakeFiles/freeRTOSTest.dir/Drivers/STM32F3xx_HAL_Driver/Src/stm32f3xx_hal_tim_ex.c.obj
 .debug_info    0x000000000000ccf5     0x3b47 CMakeFiles/freeRTOSTest.dir/Drivers/STM32F3xx_HAL_Driver/Src/stm32f3xx_hal_uart.c.obj
 .debug_info    0x000000000001083c      0x416 CMakeFiles/freeRTOSTest.dir/Core/Src/system_stm32f3xx.c.obj
 .debug_info    0x0000000000010c52      0x2cb CMakeFiles/freeRTOSTest.dir/Middlewares/Third_Party/FreeRTOS/Source/list.c.obj
 .debug_info    0x0000000000010f1d     0x1bfa CMakeFiles/freeRTOSTest.dir/Middlewares/Third_Party/FreeRTOS/Source/tasks.c.obj
 .debug_info    0x0000000000012b17     0x1788 CMakeFiles/freeRTOSTest.dir/Middlewares/Third_Party/FreeRTOS/Source/CMSIS_RTOS/cmsis_os.c.obj
 .debug_info    0x000000000001429f      0x3c6 CMakeFiles/freeRTOSTest.dir/Middlewares/Third_Party/FreeRTOS/Source/portable/MemMang/heap_4.c.obj
 .debug_info    0x0000000000014665      0x4f1 CMakeFiles/freeRTOSTest.dir/Middlewares/Third_Party/FreeRTOS/Source/portable/GCC/ARM_CM4F/port.c.obj
 .debug_info    0x0000000000014b56       0x22 CMakeFiles/freeRTOSTest.dir/startup_stm32f303xe.s.obj

.debug_abbrev   0x0000000000000000     0x2b8c
 .debug_abbrev  0x0000000000000000      0x20e CMakeFiles/freeRTOSTest.dir/Core/Src/test_threads/main_thread.c.obj
 .debug_abbrev  0x000000000000020e      0x181 CMakeFiles/freeRTOSTest.dir/Core/Src/test_threads/test1.c.obj
 .debug_abbrev  0x000000000000038f      0x108 CMakeFiles/freeRTOSTest.dir/Core/Src/frame_controller.c.obj
 .debug_abbrev  0x0000000000000497      0x2b7 CMakeFiles/freeRTOSTest.dir/Core/Src/main.c.obj
 .debug_abbrev  0x000000000000074e       0xcd CMakeFiles/freeRTOSTest.dir/Core/Src/freertos.c.obj
 .debug_abbrev  0x000000000000081b      0x15c CMakeFiles/freeRTOSTest.dir/Core/Src/stm32f3xx_it.c.obj
 .debug_abbrev  0x0000000000000977      0x1be CMakeFiles/freeRTOSTest.dir/Core/Src/stm32f3xx_hal_msp.c.obj
 .debug_abbrev  0x0000000000000b35      0x1a5 CMakeFiles/freeRTOSTest.dir/Core/Src/stm32f3xx_hal_timebase_tim.c.obj
 .debug_abbrev  0x0000000000000cda      0x1db CMakeFiles/freeRTOSTest.dir/Drivers/STM32F3xx_HAL_Driver/Src/stm32f3xx_hal.c.obj
 .debug_abbrev  0x0000000000000eb5      0x2d5 CMakeFiles/freeRTOSTest.dir/Drivers/STM32F3xx_HAL_Driver/Src/stm32f3xx_hal_rcc.c.obj
 .debug_abbrev  0x000000000000118a      0x23e CMakeFiles/freeRTOSTest.dir/Drivers/STM32F3xx_HAL_Driver/Src/stm32f3xx_hal_rcc_ex.c.obj
 .debug_abbrev  0x00000000000013c8      0x1bb CMakeFiles/freeRTOSTest.dir/Drivers/STM32F3xx_HAL_Driver/Src/stm32f3xx_hal_gpio.c.obj
 .debug_abbrev  0x0000000000001583      0x316 CMakeFiles/freeRTOSTest.dir/Drivers/STM32F3xx_HAL_Driver/Src/stm32f3xx_hal_cortex.c.obj
 .debug_abbrev  0x0000000000001899      0x238 CMakeFiles/freeRTOSTest.dir/Drivers/STM32F3xx_HAL_Driver/Src/stm32f3xx_hal_tim.c.obj
 .debug_abbrev  0x0000000000001ad1      0x240 CMakeFiles/freeRTOSTest.dir/Drivers/STM32F3xx_HAL_Driver/Src/stm32f3xx_hal_tim_ex.c.obj
 .debug_abbrev  0x0000000000001d11      0x27b CMakeFiles/freeRTOSTest.dir/Drivers/STM32F3xx_HAL_Driver/Src/stm32f3xx_hal_uart.c.obj
 .debug_abbrev  0x0000000000001f8c      0x116 CMakeFiles/freeRTOSTest.dir/Core/Src/system_stm32f3xx.c.obj
 .debug_abbrev  0x00000000000020a2       0xf2 CMakeFiles/freeRTOSTest.dir/Middlewares/Third_Party/FreeRTOS/Source/list.c.obj
 .debug_abbrev  0x0000000000002194      0x2df CMakeFiles/freeRTOSTest.dir/Middlewares/Third_Party/FreeRTOS/Source/tasks.c.obj
 .debug_abbrev  0x0000000000002473      0x2ff CMakeFiles/freeRTOSTest.dir/Middlewares/Third_Party/FreeRTOS/Source/CMSIS_RTOS/cmsis_os.c.obj
 .debug_abbrev  0x0000000000002772      0x1d7 CMakeFiles/freeRTOSTest.dir/Middlewares/Third_Party/FreeRTOS/Source/portable/MemMang/heap_4.c.obj
 .debug_abbrev  0x0000000000002949      0x231 CMakeFiles/freeRTOSTest.dir/Middlewares/Third_Party/FreeRTOS/Source/portable/GCC/ARM_CM4F/port.c.obj
 .debug_abbrev  0x0000000000002b7a       0x12 CMakeFiles/freeRTOSTest.dir/startup_stm32f303xe.s.obj

.debug_aranges  0x0000000000000000     0x1120
 .debug_aranges
                0x0000000000000000       0x28 CMakeFiles/freeRTOSTest.dir/Core/Src/test_threads/main_thread.c.obj
 .debug_aranges
                0x0000000000000028       0x20 CMakeFiles/freeRTOSTest.dir/Core/Src/test_threads/test1.c.obj
 .debug_aranges
                0x0000000000000048       0x30 CMakeFiles/freeRTOSTest.dir/Core/Src/frame_controller.c.obj
 .debug_aranges
                0x0000000000000078       0x58 CMakeFiles/freeRTOSTest.dir/Core/Src/main.c.obj
 .debug_aranges
                0x00000000000000d0       0x20 CMakeFiles/freeRTOSTest.dir/Core/Src/freertos.c.obj
 .debug_aranges
                0x00000000000000f0       0x50 CMakeFiles/freeRTOSTest.dir/Core/Src/stm32f3xx_it.c.obj
 .debug_aranges
                0x0000000000000140       0x40 CMakeFiles/freeRTOSTest.dir/Core/Src/stm32f3xx_hal_msp.c.obj
 .debug_aranges
                0x0000000000000180       0x30 CMakeFiles/freeRTOSTest.dir/Core/Src/stm32f3xx_hal_timebase_tim.c.obj
 .debug_aranges
                0x00000000000001b0       0xe0 CMakeFiles/freeRTOSTest.dir/Drivers/STM32F3xx_HAL_Driver/Src/stm32f3xx_hal.c.obj
 .debug_aranges
                0x0000000000000290       0x88 CMakeFiles/freeRTOSTest.dir/Drivers/STM32F3xx_HAL_Driver/Src/stm32f3xx_hal_rcc.c.obj
 .debug_aranges
                0x0000000000000318       0x38 CMakeFiles/freeRTOSTest.dir/Drivers/STM32F3xx_HAL_Driver/Src/stm32f3xx_hal_rcc_ex.c.obj
 .debug_aranges
                0x0000000000000350       0x58 CMakeFiles/freeRTOSTest.dir/Drivers/STM32F3xx_HAL_Driver/Src/stm32f3xx_hal_gpio.c.obj
 .debug_aranges
                0x00000000000003a8      0x118 CMakeFiles/freeRTOSTest.dir/Drivers/STM32F3xx_HAL_Driver/Src/stm32f3xx_hal_cortex.c.obj
 .debug_aranges
                0x00000000000004c0      0x3e0 CMakeFiles/freeRTOSTest.dir/Drivers/STM32F3xx_HAL_Driver/Src/stm32f3xx_hal_tim.c.obj
 .debug_aranges
                0x00000000000008a0      0x178 CMakeFiles/freeRTOSTest.dir/Drivers/STM32F3xx_HAL_Driver/Src/stm32f3xx_hal_tim_ex.c.obj
 .debug_aranges
                0x0000000000000a18      0x228 CMakeFiles/freeRTOSTest.dir/Drivers/STM32F3xx_HAL_Driver/Src/stm32f3xx_hal_uart.c.obj
 .debug_aranges
                0x0000000000000c40       0x28 CMakeFiles/freeRTOSTest.dir/Core/Src/system_stm32f3xx.c.obj
 .debug_aranges
                0x0000000000000c68       0x40 CMakeFiles/freeRTOSTest.dir/Middlewares/Third_Party/FreeRTOS/Source/list.c.obj
 .debug_aranges
                0x0000000000000ca8      0x1a8 CMakeFiles/freeRTOSTest.dir/Middlewares/Third_Party/FreeRTOS/Source/tasks.c.obj
 .debug_aranges
                0x0000000000000e50      0x1d8 CMakeFiles/freeRTOSTest.dir/Middlewares/Third_Party/FreeRTOS/Source/CMSIS_RTOS/cmsis_os.c.obj
 .debug_aranges
                0x0000000000001028       0x50 CMakeFiles/freeRTOSTest.dir/Middlewares/Third_Party/FreeRTOS/Source/portable/MemMang/heap_4.c.obj
 .debug_aranges
                0x0000000000001078       0x80 CMakeFiles/freeRTOSTest.dir/Middlewares/Third_Party/FreeRTOS/Source/portable/GCC/ARM_CM4F/port.c.obj
 .debug_aranges
                0x00000000000010f8       0x28 CMakeFiles/freeRTOSTest.dir/startup_stm32f303xe.s.obj

.debug_ranges   0x0000000000000000      0xfe8
 .debug_ranges  0x0000000000000000       0x18 CMakeFiles/freeRTOSTest.dir/Core/Src/test_threads/main_thread.c.obj
 .debug_ranges  0x0000000000000018       0x10 CMakeFiles/freeRTOSTest.dir/Core/Src/test_threads/test1.c.obj
 .debug_ranges  0x0000000000000028       0x20 CMakeFiles/freeRTOSTest.dir/Core/Src/frame_controller.c.obj
 .debug_ranges  0x0000000000000048       0x48 CMakeFiles/freeRTOSTest.dir/Core/Src/main.c.obj
 .debug_ranges  0x0000000000000090       0x10 CMakeFiles/freeRTOSTest.dir/Core/Src/freertos.c.obj
 .debug_ranges  0x00000000000000a0       0x40 CMakeFiles/freeRTOSTest.dir/Core/Src/stm32f3xx_it.c.obj
 .debug_ranges  0x00000000000000e0       0x30 CMakeFiles/freeRTOSTest.dir/Core/Src/stm32f3xx_hal_msp.c.obj
 .debug_ranges  0x0000000000000110       0x20 CMakeFiles/freeRTOSTest.dir/Core/Src/stm32f3xx_hal_timebase_tim.c.obj
 .debug_ranges  0x0000000000000130       0xd0 CMakeFiles/freeRTOSTest.dir/Drivers/STM32F3xx_HAL_Driver/Src/stm32f3xx_hal.c.obj
 .debug_ranges  0x0000000000000200       0x78 CMakeFiles/freeRTOSTest.dir/Drivers/STM32F3xx_HAL_Driver/Src/stm32f3xx_hal_rcc.c.obj
 .debug_ranges  0x0000000000000278       0x28 CMakeFiles/freeRTOSTest.dir/Drivers/STM32F3xx_HAL_Driver/Src/stm32f3xx_hal_rcc_ex.c.obj
 .debug_ranges  0x00000000000002a0       0x48 CMakeFiles/freeRTOSTest.dir/Drivers/STM32F3xx_HAL_Driver/Src/stm32f3xx_hal_gpio.c.obj
 .debug_ranges  0x00000000000002e8      0x108 CMakeFiles/freeRTOSTest.dir/Drivers/STM32F3xx_HAL_Driver/Src/stm32f3xx_hal_cortex.c.obj
 .debug_ranges  0x00000000000003f0      0x3d0 CMakeFiles/freeRTOSTest.dir/Drivers/STM32F3xx_HAL_Driver/Src/stm32f3xx_hal_tim.c.obj
 .debug_ranges  0x00000000000007c0      0x168 CMakeFiles/freeRTOSTest.dir/Drivers/STM32F3xx_HAL_Driver/Src/stm32f3xx_hal_tim_ex.c.obj
 .debug_ranges  0x0000000000000928      0x248 CMakeFiles/freeRTOSTest.dir/Drivers/STM32F3xx_HAL_Driver/Src/stm32f3xx_hal_uart.c.obj
 .debug_ranges  0x0000000000000b70       0x18 CMakeFiles/freeRTOSTest.dir/Core/Src/system_stm32f3xx.c.obj
 .debug_ranges  0x0000000000000b88       0x30 CMakeFiles/freeRTOSTest.dir/Middlewares/Third_Party/FreeRTOS/Source/list.c.obj
 .debug_ranges  0x0000000000000bb8      0x198 CMakeFiles/freeRTOSTest.dir/Middlewares/Third_Party/FreeRTOS/Source/tasks.c.obj
 .debug_ranges  0x0000000000000d50      0x1c8 CMakeFiles/freeRTOSTest.dir/Middlewares/Third_Party/FreeRTOS/Source/CMSIS_RTOS/cmsis_os.c.obj
 .debug_ranges  0x0000000000000f18       0x40 CMakeFiles/freeRTOSTest.dir/Middlewares/Third_Party/FreeRTOS/Source/portable/MemMang/heap_4.c.obj
 .debug_ranges  0x0000000000000f58       0x70 CMakeFiles/freeRTOSTest.dir/Middlewares/Third_Party/FreeRTOS/Source/portable/GCC/ARM_CM4F/port.c.obj
 .debug_ranges  0x0000000000000fc8       0x20 CMakeFiles/freeRTOSTest.dir/startup_stm32f303xe.s.obj

.debug_macro    0x0000000000000000    0x31f70
 .debug_macro   0x0000000000000000      0xefd CMakeFiles/freeRTOSTest.dir/Core/Src/test_threads/main_thread.c.obj
 .debug_macro   0x0000000000000efd       0x1e CMakeFiles/freeRTOSTest.dir/Core/Src/test_threads/main_thread.c.obj
 .debug_macro   0x0000000000000f1b       0x22 CMakeFiles/freeRTOSTest.dir/Core/Src/test_threads/main_thread.c.obj
 .debug_macro   0x0000000000000f3d       0x5e CMakeFiles/freeRTOSTest.dir/Core/Src/test_threads/main_thread.c.obj
 .debug_macro   0x0000000000000f9b       0x94 CMakeFiles/freeRTOSTest.dir/Core/Src/test_threads/main_thread.c.obj
 .debug_macro   0x000000000000102f       0x35 CMakeFiles/freeRTOSTest.dir/Core/Src/test_threads/main_thread.c.obj
 .debug_macro   0x0000000000001064       0x34 CMakeFiles/freeRTOSTest.dir/Core/Src/test_threads/main_thread.c.obj
 .debug_macro   0x0000000000001098       0x16 CMakeFiles/freeRTOSTest.dir/Core/Src/test_threads/main_thread.c.obj
 .debug_macro   0x00000000000010ae      0x10e CMakeFiles/freeRTOSTest.dir/Core/Src/test_threads/main_thread.c.obj
 .debug_macro   0x00000000000011bc       0x8d CMakeFiles/freeRTOSTest.dir/Core/Src/test_threads/main_thread.c.obj
 .debug_macro   0x0000000000001249       0x16 CMakeFiles/freeRTOSTest.dir/Core/Src/test_threads/main_thread.c.obj
 .debug_macro   0x000000000000125f       0x43 CMakeFiles/freeRTOSTest.dir/Core/Src/test_threads/main_thread.c.obj
 .debug_macro   0x00000000000012a2       0x57 CMakeFiles/freeRTOSTest.dir/Core/Src/test_threads/main_thread.c.obj
 .debug_macro   0x00000000000012f9       0x34 CMakeFiles/freeRTOSTest.dir/Core/Src/test_threads/main_thread.c.obj
 .debug_macro   0x000000000000132d       0x10 CMakeFiles/freeRTOSTest.dir/Core/Src/test_threads/main_thread.c.obj
 .debug_macro   0x000000000000133d       0x58 CMakeFiles/freeRTOSTest.dir/Core/Src/test_threads/main_thread.c.obj
 .debug_macro   0x0000000000001395      0x182 CMakeFiles/freeRTOSTest.dir/Core/Src/test_threads/main_thread.c.obj
 .debug_macro   0x0000000000001517      0x341 CMakeFiles/freeRTOSTest.dir/Core/Src/test_threads/main_thread.c.obj
 .debug_macro   0x0000000000001858       0x16 CMakeFiles/freeRTOSTest.dir/Core/Src/test_threads/main_thread.c.obj
 .debug_macro   0x000000000000186e       0x29 CMakeFiles/freeRTOSTest.dir/Core/Src/test_threads/main_thread.c.obj
 .debug_macro   0x0000000000001897      0x103 CMakeFiles/freeRTOSTest.dir/Core/Src/test_threads/main_thread.c.obj
 .debug_macro   0x000000000000199a       0x6a CMakeFiles/freeRTOSTest.dir/Core/Src/test_threads/main_thread.c.obj
 .debug_macro   0x0000000000001a04      0x1df CMakeFiles/freeRTOSTest.dir/Core/Src/test_threads/main_thread.c.obj
 .debug_macro   0x0000000000001be3       0x35 CMakeFiles/freeRTOSTest.dir/Core/Src/test_threads/main_thread.c.obj
 .debug_macro   0x0000000000001c18      0x4cc CMakeFiles/freeRTOSTest.dir/Core/Src/test_threads/main_thread.c.obj
 .debug_macro   0x00000000000020e4       0xdf CMakeFiles/freeRTOSTest.dir/Core/Src/test_threads/main_thread.c.obj
 .debug_macro   0x00000000000021c3      0x15a CMakeFiles/freeRTOSTest.dir/Core/Src/test_threads/main_thread.c.obj
 .debug_macro   0x000000000000231d       0xd7 CMakeFiles/freeRTOSTest.dir/Core/Src/test_threads/main_thread.c.obj
 .debug_macro   0x00000000000023f4       0x10 CMakeFiles/freeRTOSTest.dir/Core/Src/test_threads/main_thread.c.obj
 .debug_macro   0x0000000000002404       0x1f CMakeFiles/freeRTOSTest.dir/Core/Src/test_threads/main_thread.c.obj
 .debug_macro   0x0000000000002423      0x4b0 CMakeFiles/freeRTOSTest.dir/Core/Src/test_threads/main_thread.c.obj
 .debug_macro   0x00000000000028d3       0xb5 CMakeFiles/freeRTOSTest.dir/Core/Src/test_threads/main_thread.c.obj
 .debug_macro   0x0000000000002988       0x8c CMakeFiles/freeRTOSTest.dir/Core/Src/test_threads/main_thread.c.obj
 .debug_macro   0x0000000000002a14       0x91 CMakeFiles/freeRTOSTest.dir/Core/Src/test_threads/main_thread.c.obj
 .debug_macro   0x0000000000002aa5       0x8d CMakeFiles/freeRTOSTest.dir/Core/Src/test_threads/main_thread.c.obj
 .debug_macro   0x0000000000002b32       0x7e CMakeFiles/freeRTOSTest.dir/Core/Src/test_threads/main_thread.c.obj
 .debug_macro   0x0000000000002bb0       0x19 CMakeFiles/freeRTOSTest.dir/Core/Src/test_threads/main_thread.c.obj
 .debug_macro   0x0000000000002bc9       0xf2 CMakeFiles/freeRTOSTest.dir/Core/Src/test_threads/main_thread.c.obj
 .debug_macro   0x0000000000002cbb       0x16 CMakeFiles/freeRTOSTest.dir/Core/Src/test_threads/main_thread.c.obj
 .debug_macro   0x0000000000002cd1      0x157 CMakeFiles/freeRTOSTest.dir/Core/Src/test_threads/main_thread.c.obj
 .debug_macro   0x0000000000002e28       0x2e CMakeFiles/freeRTOSTest.dir/Core/Src/test_threads/main_thread.c.obj
 .debug_macro   0x0000000000002e56       0x28 CMakeFiles/freeRTOSTest.dir/Core/Src/test_threads/main_thread.c.obj
 .debug_macro   0x0000000000002e7e       0x1c CMakeFiles/freeRTOSTest.dir/Core/Src/test_threads/main_thread.c.obj
 .debug_macro   0x0000000000002e9a       0x22 CMakeFiles/freeRTOSTest.dir/Core/Src/test_threads/main_thread.c.obj
 .debug_macro   0x0000000000002ebc       0xd9 CMakeFiles/freeRTOSTest.dir/Core/Src/test_threads/main_thread.c.obj
 .debug_macro   0x0000000000002f95     0x102d CMakeFiles/freeRTOSTest.dir/Core/Src/test_threads/main_thread.c.obj
 .debug_macro   0x0000000000003fc2      0x11f CMakeFiles/freeRTOSTest.dir/Core/Src/test_threads/main_thread.c.obj
 .debug_macro   0x00000000000040e1    0x1535a CMakeFiles/freeRTOSTest.dir/Core/Src/test_threads/main_thread.c.obj
 .debug_macro   0x000000000001943b       0x6d CMakeFiles/freeRTOSTest.dir/Core/Src/test_threads/main_thread.c.obj
 .debug_macro   0x00000000000194a8     0x3558 CMakeFiles/freeRTOSTest.dir/Core/Src/test_threads/main_thread.c.obj
 .debug_macro   0x000000000001ca00       0x4f CMakeFiles/freeRTOSTest.dir/Core/Src/test_threads/main_thread.c.obj
 .debug_macro   0x000000000001ca4f      0x953 CMakeFiles/freeRTOSTest.dir/Core/Src/test_threads/main_thread.c.obj
 .debug_macro   0x000000000001d3a2      0x84a CMakeFiles/freeRTOSTest.dir/Core/Src/test_threads/main_thread.c.obj
 .debug_macro   0x000000000001dbec      0x1b5 CMakeFiles/freeRTOSTest.dir/Core/Src/test_threads/main_thread.c.obj
 .debug_macro   0x000000000001dda1      0x23a CMakeFiles/freeRTOSTest.dir/Core/Src/test_threads/main_thread.c.obj
 .debug_macro   0x000000000001dfdb      0x1ea CMakeFiles/freeRTOSTest.dir/Core/Src/test_threads/main_thread.c.obj
 .debug_macro   0x000000000001e1c5      0x1bc CMakeFiles/freeRTOSTest.dir/Core/Src/test_threads/main_thread.c.obj
 .debug_macro   0x000000000001e381       0x30 CMakeFiles/freeRTOSTest.dir/Core/Src/test_threads/main_thread.c.obj
 .debug_macro   0x000000000001e3b1       0x3c CMakeFiles/freeRTOSTest.dir/Core/Src/test_threads/main_thread.c.obj
 .debug_macro   0x000000000001e3ed      0x235 CMakeFiles/freeRTOSTest.dir/Core/Src/test_threads/main_thread.c.obj
 .debug_macro   0x000000000001e622       0xc5 CMakeFiles/freeRTOSTest.dir/Core/Src/test_threads/main_thread.c.obj
 .debug_macro   0x000000000001e6e7      0x21d CMakeFiles/freeRTOSTest.dir/Core/Src/test_threads/main_thread.c.obj
 .debug_macro   0x000000000001e904      0x22c CMakeFiles/freeRTOSTest.dir/Core/Src/test_threads/main_thread.c.obj
 .debug_macro   0x000000000001eb30       0x5b CMakeFiles/freeRTOSTest.dir/Core/Src/test_threads/main_thread.c.obj
 .debug_macro   0x000000000001eb8b       0xa5 CMakeFiles/freeRTOSTest.dir/Core/Src/test_threads/main_thread.c.obj
 .debug_macro   0x000000000001ec30       0x81 CMakeFiles/freeRTOSTest.dir/Core/Src/test_threads/main_thread.c.obj
 .debug_macro   0x000000000001ecb1       0xd3 CMakeFiles/freeRTOSTest.dir/Core/Src/test_threads/main_thread.c.obj
 .debug_macro   0x000000000001ed84      0xa59 CMakeFiles/freeRTOSTest.dir/Core/Src/test_threads/main_thread.c.obj
 .debug_macro   0x000000000001f7dd       0xba CMakeFiles/freeRTOSTest.dir/Core/Src/test_threads/main_thread.c.obj
 .debug_macro   0x000000000001f897      0x5ba CMakeFiles/freeRTOSTest.dir/Core/Src/test_threads/main_thread.c.obj
 .debug_macro   0x000000000001fe51       0x44 CMakeFiles/freeRTOSTest.dir/Core/Src/test_threads/main_thread.c.obj
 .debug_macro   0x000000000001fe95      0x347 CMakeFiles/freeRTOSTest.dir/Core/Src/test_threads/main_thread.c.obj
 .debug_macro   0x00000000000201dc       0x58 CMakeFiles/freeRTOSTest.dir/Core/Src/test_threads/main_thread.c.obj
 .debug_macro   0x0000000000020234       0x34 CMakeFiles/freeRTOSTest.dir/Core/Src/test_threads/main_thread.c.obj
 .debug_macro   0x0000000000020268      0xe11 CMakeFiles/freeRTOSTest.dir/Core/Src/test_threads/test1.c.obj
 .debug_macro   0x0000000000021079      0x174 CMakeFiles/freeRTOSTest.dir/Core/Src/test_threads/test1.c.obj
 .debug_macro   0x00000000000211ed       0x8e CMakeFiles/freeRTOSTest.dir/Core/Src/test_threads/test1.c.obj
 .debug_macro   0x000000000002127b       0x51 CMakeFiles/freeRTOSTest.dir/Core/Src/test_threads/test1.c.obj
 .debug_macro   0x00000000000212cc       0x55 CMakeFiles/freeRTOSTest.dir/Core/Src/test_threads/test1.c.obj
 .debug_macro   0x0000000000021321      0xcbf CMakeFiles/freeRTOSTest.dir/Core/Src/frame_controller.c.obj
 .debug_macro   0x0000000000021fe0      0xe15 CMakeFiles/freeRTOSTest.dir/Core/Src/main.c.obj
 .debug_macro   0x0000000000022df5       0xdf CMakeFiles/freeRTOSTest.dir/Core/Src/main.c.obj
 .debug_macro   0x0000000000022ed4      0xdbc CMakeFiles/freeRTOSTest.dir/Core/Src/freertos.c.obj
 .debug_macro   0x0000000000023c90      0xd5e CMakeFiles/freeRTOSTest.dir/Core/Src/stm32f3xx_it.c.obj
 .debug_macro   0x00000000000249ee      0xd54 CMakeFiles/freeRTOSTest.dir/Core/Src/stm32f3xx_hal_msp.c.obj
 .debug_macro   0x0000000000025742      0xd46 CMakeFiles/freeRTOSTest.dir/Core/Src/stm32f3xx_hal_timebase_tim.c.obj
 .debug_macro   0x0000000000026488      0xd6a CMakeFiles/freeRTOSTest.dir/Drivers/STM32F3xx_HAL_Driver/Src/stm32f3xx_hal.c.obj
 .debug_macro   0x00000000000271f2      0xd6a CMakeFiles/freeRTOSTest.dir/Drivers/STM32F3xx_HAL_Driver/Src/stm32f3xx_hal_rcc.c.obj
 .debug_macro   0x0000000000027f5c      0xd46 CMakeFiles/freeRTOSTest.dir/Drivers/STM32F3xx_HAL_Driver/Src/stm32f3xx_hal_rcc_ex.c.obj
 .debug_macro   0x0000000000028ca2      0xd4d CMakeFiles/freeRTOSTest.dir/Drivers/STM32F3xx_HAL_Driver/Src/stm32f3xx_hal_gpio.c.obj
 .debug_macro   0x00000000000299ef      0xd46 CMakeFiles/freeRTOSTest.dir/Drivers/STM32F3xx_HAL_Driver/Src/stm32f3xx_hal_cortex.c.obj
 .debug_macro   0x000000000002a735      0xd47 CMakeFiles/freeRTOSTest.dir/Drivers/STM32F3xx_HAL_Driver/Src/stm32f3xx_hal_tim.c.obj
 .debug_macro   0x000000000002b47c      0xd46 CMakeFiles/freeRTOSTest.dir/Drivers/STM32F3xx_HAL_Driver/Src/stm32f3xx_hal_tim_ex.c.obj
 .debug_macro   0x000000000002c1c2      0xd63 CMakeFiles/freeRTOSTest.dir/Drivers/STM32F3xx_HAL_Driver/Src/stm32f3xx_hal_uart.c.obj
 .debug_macro   0x000000000002cf25      0xd46 CMakeFiles/freeRTOSTest.dir/Core/Src/system_stm32f3xx.c.obj
 .debug_macro   0x000000000002dc6b      0xce7 CMakeFiles/freeRTOSTest.dir/Middlewares/Third_Party/FreeRTOS/Source/list.c.obj
 .debug_macro   0x000000000002e952      0xddb CMakeFiles/freeRTOSTest.dir/Middlewares/Third_Party/FreeRTOS/Source/tasks.c.obj
 .debug_macro   0x000000000002f72d       0x10 CMakeFiles/freeRTOSTest.dir/Middlewares/Third_Party/FreeRTOS/Source/tasks.c.obj
 .debug_macro   0x000000000002f73d      0xd59 CMakeFiles/freeRTOSTest.dir/Middlewares/Third_Party/FreeRTOS/Source/CMSIS_RTOS/cmsis_os.c.obj
 .debug_macro   0x0000000000030496       0xc7 CMakeFiles/freeRTOSTest.dir/Middlewares/Third_Party/FreeRTOS/Source/CMSIS_RTOS/cmsis_os.c.obj
 .debug_macro   0x000000000003055d      0xd0e CMakeFiles/freeRTOSTest.dir/Middlewares/Third_Party/FreeRTOS/Source/portable/MemMang/heap_4.c.obj
 .debug_macro   0x000000000003126b      0xd05 CMakeFiles/freeRTOSTest.dir/Middlewares/Third_Party/FreeRTOS/Source/portable/GCC/ARM_CM4F/port.c.obj

.debug_line     0x0000000000000000    0x19478
 .debug_line    0x0000000000000000      0xb3f CMakeFiles/freeRTOSTest.dir/Core/Src/test_threads/main_thread.c.obj
 .debug_line    0x0000000000000b3f      0x93b CMakeFiles/freeRTOSTest.dir/Core/Src/test_threads/test1.c.obj
 .debug_line    0x000000000000147a      0x498 CMakeFiles/freeRTOSTest.dir/Core/Src/frame_controller.c.obj
 .debug_line    0x0000000000001912      0xaed CMakeFiles/freeRTOSTest.dir/Core/Src/main.c.obj
 .debug_line    0x00000000000023ff      0x845 CMakeFiles/freeRTOSTest.dir/Core/Src/freertos.c.obj
 .debug_line    0x0000000000002c44      0x769 CMakeFiles/freeRTOSTest.dir/Core/Src/stm32f3xx_it.c.obj
 .debug_line    0x00000000000033ad      0x7b2 CMakeFiles/freeRTOSTest.dir/Core/Src/stm32f3xx_hal_msp.c.obj
 .debug_line    0x0000000000003b5f      0x75e CMakeFiles/freeRTOSTest.dir/Core/Src/stm32f3xx_hal_timebase_tim.c.obj
 .debug_line    0x00000000000042bd      0x998 CMakeFiles/freeRTOSTest.dir/Drivers/STM32F3xx_HAL_Driver/Src/stm32f3xx_hal.c.obj
 .debug_line    0x0000000000004c55     0x1a33 CMakeFiles/freeRTOSTest.dir/Drivers/STM32F3xx_HAL_Driver/Src/stm32f3xx_hal_rcc.c.obj
 .debug_line    0x0000000000006688     0x11d3 CMakeFiles/freeRTOSTest.dir/Drivers/STM32F3xx_HAL_Driver/Src/stm32f3xx_hal_rcc_ex.c.obj
 .debug_line    0x000000000000785b      0xb69 CMakeFiles/freeRTOSTest.dir/Drivers/STM32F3xx_HAL_Driver/Src/stm32f3xx_hal_gpio.c.obj
 .debug_line    0x00000000000083c4      0xc3f CMakeFiles/freeRTOSTest.dir/Drivers/STM32F3xx_HAL_Driver/Src/stm32f3xx_hal_cortex.c.obj
 .debug_line    0x0000000000009003     0x57af CMakeFiles/freeRTOSTest.dir/Drivers/STM32F3xx_HAL_Driver/Src/stm32f3xx_hal_tim.c.obj
 .debug_line    0x000000000000e7b2     0x2754 CMakeFiles/freeRTOSTest.dir/Drivers/STM32F3xx_HAL_Driver/Src/stm32f3xx_hal_tim_ex.c.obj
 .debug_line    0x0000000000010f06     0x3ccc CMakeFiles/freeRTOSTest.dir/Drivers/STM32F3xx_HAL_Driver/Src/stm32f3xx_hal_uart.c.obj
 .debug_line    0x0000000000014bd2      0x748 CMakeFiles/freeRTOSTest.dir/Core/Src/system_stm32f3xx.c.obj
 .debug_line    0x000000000001531a      0x5a5 CMakeFiles/freeRTOSTest.dir/Middlewares/Third_Party/FreeRTOS/Source/list.c.obj
 .debug_line    0x00000000000158bf     0x1a57 CMakeFiles/freeRTOSTest.dir/Middlewares/Third_Party/FreeRTOS/Source/tasks.c.obj
 .debug_line    0x0000000000017316     0x11ba CMakeFiles/freeRTOSTest.dir/Middlewares/Third_Party/FreeRTOS/Source/CMSIS_RTOS/cmsis_os.c.obj
 .debug_line    0x00000000000184d0      0x786 CMakeFiles/freeRTOSTest.dir/Middlewares/Third_Party/FreeRTOS/Source/portable/MemMang/heap_4.c.obj
 .debug_line    0x0000000000018c56      0x784 CMakeFiles/freeRTOSTest.dir/Middlewares/Third_Party/FreeRTOS/Source/portable/GCC/ARM_CM4F/port.c.obj
 .debug_line    0x00000000000193da       0x9e CMakeFiles/freeRTOSTest.dir/startup_stm32f303xe.s.obj

.debug_str      0x0000000000000000    0xd2737
 .debug_str     0x0000000000000000    0xcc927 CMakeFiles/freeRTOSTest.dir/Core/Src/test_threads/main_thread.c.obj
                                      0xcd0eb (size before relaxing)
 .debug_str     0x00000000000cc927       0x52 CMakeFiles/freeRTOSTest.dir/Core/Src/test_threads/test1.c.obj
                                      0xc8e22 (size before relaxing)
 .debug_str     0x00000000000cc979       0x7c CMakeFiles/freeRTOSTest.dir/Core/Src/frame_controller.c.obj
                                       0x7bb8 (size before relaxing)
 .debug_str     0x00000000000cc9f5      0x5bf CMakeFiles/freeRTOSTest.dir/Core/Src/main.c.obj
                                      0xc980a (size before relaxing)
 .debug_str     0x00000000000ccfb4       0xb2 CMakeFiles/freeRTOSTest.dir/Core/Src/freertos.c.obj
                                      0xc6898 (size before relaxing)
 .debug_str     0x00000000000cd066       0xbd CMakeFiles/freeRTOSTest.dir/Core/Src/stm32f3xx_it.c.obj
                                      0xc32de (size before relaxing)
 .debug_str     0x00000000000cd123      0x418 CMakeFiles/freeRTOSTest.dir/Core/Src/stm32f3xx_hal_msp.c.obj
                                      0xc3a7b (size before relaxing)
 .debug_str     0x00000000000cd53b       0xd4 CMakeFiles/freeRTOSTest.dir/Core/Src/stm32f3xx_hal_timebase_tim.c.obj
                                      0xc3704 (size before relaxing)
 .debug_str     0x00000000000cd60f      0x377 CMakeFiles/freeRTOSTest.dir/Drivers/STM32F3xx_HAL_Driver/Src/stm32f3xx_hal.c.obj
                                      0xc3587 (size before relaxing)
 .debug_str     0x00000000000cd986      0x33a CMakeFiles/freeRTOSTest.dir/Drivers/STM32F3xx_HAL_Driver/Src/stm32f3xx_hal_rcc.c.obj
                                      0xc31aa (size before relaxing)
 .debug_str     0x00000000000cdcc0      0x107 CMakeFiles/freeRTOSTest.dir/Drivers/STM32F3xx_HAL_Driver/Src/stm32f3xx_hal_rcc_ex.c.obj
                                      0xc2fcd (size before relaxing)
 .debug_str     0x00000000000cddc7      0x206 CMakeFiles/freeRTOSTest.dir/Drivers/STM32F3xx_HAL_Driver/Src/stm32f3xx_hal_gpio.c.obj
                                      0xc2f12 (size before relaxing)
 .debug_str     0x00000000000cdfcd      0x410 CMakeFiles/freeRTOSTest.dir/Drivers/STM32F3xx_HAL_Driver/Src/stm32f3xx_hal_cortex.c.obj
                                      0xc3628 (size before relaxing)
 .debug_str     0x00000000000ce3dd      0xe17 CMakeFiles/freeRTOSTest.dir/Drivers/STM32F3xx_HAL_Driver/Src/stm32f3xx_hal_tim.c.obj
                                      0xc40b2 (size before relaxing)
 .debug_str     0x00000000000cf1f4      0x575 CMakeFiles/freeRTOSTest.dir/Drivers/STM32F3xx_HAL_Driver/Src/stm32f3xx_hal_tim_ex.c.obj
                                      0xc38b6 (size before relaxing)
 .debug_str     0x00000000000cf769      0x8a2 CMakeFiles/freeRTOSTest.dir/Drivers/STM32F3xx_HAL_Driver/Src/stm32f3xx_hal_uart.c.obj
                                      0xc39a7 (size before relaxing)
 .debug_str     0x00000000000d000b       0x7a CMakeFiles/freeRTOSTest.dir/Core/Src/system_stm32f3xx.c.obj
                                      0xc2d2d (size before relaxing)
 .debug_str     0x00000000000d0085      0x15e CMakeFiles/freeRTOSTest.dir/Middlewares/Third_Party/FreeRTOS/Source/list.c.obj
                                       0x9d95 (size before relaxing)
 .debug_str     0x00000000000d01e3     0x139e CMakeFiles/freeRTOSTest.dir/Middlewares/Third_Party/FreeRTOS/Source/tasks.c.obj
                                       0xbf4c (size before relaxing)
 .debug_str     0x00000000000d1581      0x6c3 CMakeFiles/freeRTOSTest.dir/Middlewares/Third_Party/FreeRTOS/Source/CMSIS_RTOS/cmsis_os.c.obj
                                       0xd614 (size before relaxing)
 .debug_str     0x00000000000d1c44      0x27f CMakeFiles/freeRTOSTest.dir/Middlewares/Third_Party/FreeRTOS/Source/portable/MemMang/heap_4.c.obj
                                       0xa4b8 (size before relaxing)
 .debug_str     0x00000000000d1ec3      0x828 CMakeFiles/freeRTOSTest.dir/Middlewares/Third_Party/FreeRTOS/Source/portable/GCC/ARM_CM4F/port.c.obj
                                       0x81db (size before relaxing)
 .debug_str     0x00000000000d26eb       0x4c CMakeFiles/freeRTOSTest.dir/startup_stm32f303xe.s.obj
                                         0x74 (size before relaxing)

.comment        0x0000000000000000       0x49
 .comment       0x0000000000000000       0x49 CMakeFiles/freeRTOSTest.dir/Core/Src/test_threads/main_thread.c.obj
                                         0x4a (size before relaxing)
 .comment       0x0000000000000049       0x4a CMakeFiles/freeRTOSTest.dir/Core/Src/test_threads/test1.c.obj
 .comment       0x0000000000000049       0x4a CMakeFiles/freeRTOSTest.dir/Core/Src/frame_controller.c.obj
 .comment       0x0000000000000049       0x4a CMakeFiles/freeRTOSTest.dir/Core/Src/main.c.obj
 .comment       0x0000000000000049       0x4a CMakeFiles/freeRTOSTest.dir/Core/Src/freertos.c.obj
 .comment       0x0000000000000049       0x4a CMakeFiles/freeRTOSTest.dir/Core/Src/stm32f3xx_it.c.obj
 .comment       0x0000000000000049       0x4a CMakeFiles/freeRTOSTest.dir/Core/Src/stm32f3xx_hal_msp.c.obj
 .comment       0x0000000000000049       0x4a CMakeFiles/freeRTOSTest.dir/Core/Src/stm32f3xx_hal_timebase_tim.c.obj
 .comment       0x0000000000000049       0x4a CMakeFiles/freeRTOSTest.dir/Drivers/STM32F3xx_HAL_Driver/Src/stm32f3xx_hal.c.obj
 .comment       0x0000000000000049       0x4a CMakeFiles/freeRTOSTest.dir/Drivers/STM32F3xx_HAL_Driver/Src/stm32f3xx_hal_rcc.c.obj
 .comment       0x0000000000000049       0x4a CMakeFiles/freeRTOSTest.dir/Drivers/STM32F3xx_HAL_Driver/Src/stm32f3xx_hal_rcc_ex.c.obj
 .comment       0x0000000000000049       0x4a CMakeFiles/freeRTOSTest.dir/Drivers/STM32F3xx_HAL_Driver/Src/stm32f3xx_hal_gpio.c.obj
 .comment       0x0000000000000049       0x4a CMakeFiles/freeRTOSTest.dir/Drivers/STM32F3xx_HAL_Driver/Src/stm32f3xx_hal_cortex.c.obj
 .comment       0x0000000000000049       0x4a CMakeFiles/freeRTOSTest.dir/Drivers/STM32F3xx_HAL_Driver/Src/stm32f3xx_hal_tim.c.obj
 .comment       0x0000000000000049       0x4a CMakeFiles/freeRTOSTest.dir/Drivers/STM32F3xx_HAL_Driver/Src/stm32f3xx_hal_tim_ex.c.obj
 .comment       0x0000000000000049       0x4a CMakeFiles/freeRTOSTest.dir/Drivers/STM32F3xx_HAL_Driver/Src/stm32f3xx_hal_uart.c.obj
 .comment       0x0000000000000049       0x4a CMakeFiles/freeRTOSTest.dir/Core/Src/system_stm32f3xx.c.obj
 .comment       0x0000000000000049       0x4a CMakeFiles/freeRTOSTest.dir/Middlewares/Third_Party/FreeRTOS/Source/list.c.obj
 .comment       0x0000000000000049       0x4a CMakeFiles/freeRTOSTest.dir/Middlewares/Third_Party/FreeRTOS/Source/tasks.c.obj
 .comment       0x0000000000000049       0x4a CMakeFiles/freeRTOSTest.dir/Middlewares/Third_Party/FreeRTOS/Source/CMSIS_RTOS/cmsis_os.c.obj
 .comment       0x0000000000000049       0x4a CMakeFiles/freeRTOSTest.dir/Middlewares/Third_Party/FreeRTOS/Source/portable/MemMang/heap_4.c.obj
 .comment       0x0000000000000049       0x4a CMakeFiles/freeRTOSTest.dir/Middlewares/Third_Party/FreeRTOS/Source/portable/GCC/ARM_CM4F/port.c.obj